[      57ms] [INFO] %cDownload the React DevTools for a better development experience: https://react.dev/link/react-devtools font-weight:bold @ http://localhost:5173/node_modules/.vite/deps/react-dom_client.js?v=8f2f45eb:20102
[   16325ms] [LOG] 🔥 ticketAddresses: Proxy(_Result) @ http://localhost:5173/src/App.jsx:117
[   16346ms] [LOG] 📦 Ticket: 0xCafac3dD18aC6c6e92c921884f9E4176737C052c @ http://localhost:5173/src/App.jsx:90
[   16346ms] [LOG] 👷 Worker: 0x9965507D1a55bcC2695C58ba16FB37d819B0A4dc @ http://localhost:5173/src/App.jsx:91
[   16347ms] [LOG] 💰 Amount: 1.0 @ http://localhost:5173/src/App.jsx:92
[   16347ms] [LOG] 📊 Status: 2 @ http://localhost:5173/src/App.jsx:93
[   16353ms] [LOG] 📦 Ticket: 0x9f1ac54BEF0DD2f6f3462EA0fa94fC62300d3a8e @ http://localhost:5173/src/App.jsx:90
[   16353ms] [LOG] 👷 Worker: 0x0000000000000000000000000000000000000000 @ http://localhost:5173/src/App.jsx:91
[   16354ms] [LOG] 💰 Amount: 0.0 @ http://localhost:5173/src/App.jsx:92
[   16354ms] [LOG] 📊 Status: 6 @ http://localhost:5173/src/App.jsx:93
[   29360ms] [LOG] Current address: 0xf39Fd6e51aad88F6F4ce6aB8827279cffFb92266 @ http://localhost:5173/src/components/TicketDetail.jsx:31
[   29361ms] [LOG] Company: 0xf39Fd6e51aad88F6F4ce6aB8827279cffFb92266 @ http://localhost:5173/src/components/TicketDetail.jsx:32
[   29363ms] [LOG] Current address: 0xf39Fd6e51aad88F6F4ce6aB8827279cffFb92266 @ http://localhost:5173/src/components/TicketDetail.jsx:31
[   29363ms] [LOG] Company: 0xf39Fd6e51aad88F6F4ce6aB8827279cffFb92266 @ http://localhost:5173/src/components/TicketDetail.jsx:32
[   29467ms] [LOG] 🔥 ticketAddresses: Proxy(_Result) @ http://localhost:5173/src/App.jsx:117
[   29488ms] [LOG] 📦 Ticket: 0xCafac3dD18aC6c6e92c921884f9E4176737C052c @ http://localhost:5173/src/App.jsx:90
[   29488ms] [LOG] 👷 Worker: 0x9965507D1a55bcC2695C58ba16FB37d819B0A4dc @ http://localhost:5173/src/App.jsx:91
[   29488ms] [LOG] 💰 Amount: 1.0 @ http://localhost:5173/src/App.jsx:92
[   29488ms] [LOG] 📊 Status: 2 @ http://localhost:5173/src/App.jsx:93
[   29496ms] [LOG] 📦 Ticket: 0x9f1ac54BEF0DD2f6f3462EA0fa94fC62300d3a8e @ http://localhost:5173/src/App.jsx:90
[   29496ms] [LOG] 👷 Worker: 0x0000000000000000000000000000000000000000 @ http://localhost:5173/src/App.jsx:91
[   29496ms] [LOG] 💰 Amount: 0.0 @ http://localhost:5173/src/App.jsx:92
[   29496ms] [LOG] 📊 Status: 6 @ http://localhost:5173/src/App.jsx:93
[   62316ms] [LOG] 📦 Ticket: 0xCafac3dD18aC6c6e92c921884f9E4176737C052c @ http://localhost:5173/src/App.jsx:90
[   62316ms] [LOG] 👷 Worker: 0x9965507D1a55bcC2695C58ba16FB37d819B0A4dc @ http://localhost:5173/src/App.jsx:91
[   62316ms] [LOG] 💰 Amount: 1.0 @ http://localhost:5173/src/App.jsx:92
[   62316ms] [LOG] 📊 Status: 1 @ http://localhost:5173/src/App.jsx:93
[   62333ms] [LOG] 🔥 ticketAddresses: Proxy(_Result) @ http://localhost:5173/src/App.jsx:117
[   62344ms] [LOG] 🔥 ticketAddresses: Proxy(_Result) @ http://localhost:5173/src/App.jsx:117
[   62358ms] [LOG] 📦 Ticket: 0xCafac3dD18aC6c6e92c921884f9E4176737C052c @ http://localhost:5173/src/App.jsx:90
[   62358ms] [LOG] 👷 Worker: 0x9965507D1a55bcC2695C58ba16FB37d819B0A4dc @ http://localhost:5173/src/App.jsx:91
[   62358ms] [LOG] 💰 Amount: 1.0 @ http://localhost:5173/src/App.jsx:92
[   62358ms] [LOG] 📊 Status: 1 @ http://localhost:5173/src/App.jsx:93
[   62360ms] [LOG] 📦 Ticket: 0x9f1ac54BEF0DD2f6f3462EA0fa94fC62300d3a8e @ http://localhost:5173/src/App.jsx:90
[   62360ms] [LOG] 👷 Worker: 0x0000000000000000000000000000000000000000 @ http://localhost:5173/src/App.jsx:91
[   62360ms] [LOG] 💰 Amount: 0.0 @ http://localhost:5173/src/App.jsx:92
[   62360ms] [LOG] 📊 Status: 6 @ http://localhost:5173/src/App.jsx:93
[   62385ms] [LOG] 📦 Ticket: 0xCafac3dD18aC6c6e92c921884f9E4176737C052c @ http://localhost:5173/src/App.jsx:90
[   62386ms] [LOG] 👷 Worker: 0x9965507D1a55bcC2695C58ba16FB37d819B0A4dc @ http://localhost:5173/src/App.jsx:91
[   62386ms] [LOG] 💰 Amount: 1.0 @ http://localhost:5173/src/App.jsx:92
[   62386ms] [LOG] 📊 Status: 1 @ http://localhost:5173/src/App.jsx:93
[   62388ms] [LOG] 📦 Ticket: 0x9f1ac54BEF0DD2f6f3462EA0fa94fC62300d3a8e @ http://localhost:5173/src/App.jsx:90
[   62388ms] [LOG] 👷 Worker: 0x0000000000000000000000000000000000000000 @ http://localhost:5173/src/App.jsx:91
[   62388ms] [LOG] 💰 Amount: 0.0 @ http://localhost:5173/src/App.jsx:92
[   62388ms] [LOG] 📊 Status: 6 @ http://localhost:5173/src/App.jsx:93
[   62389ms] [LOG] 🔥 ticketAddresses: Proxy(_Result) @ http://localhost:5173/src/App.jsx:117
[   62412ms] [LOG] 📦 Ticket: 0xCafac3dD18aC6c6e92c921884f9E4176737C052c @ http://localhost:5173/src/App.jsx:90
[   62412ms] [LOG] 👷 Worker: 0x9965507D1a55bcC2695C58ba16FB37d819B0A4dc @ http://localhost:5173/src/App.jsx:91
[   62412ms] [LOG] 💰 Amount: 1.0 @ http://localhost:5173/src/App.jsx:92
[   62412ms] [LOG] 📊 Status: 1 @ http://localhost:5173/src/App.jsx:93
[   62422ms] [LOG] 📦 Ticket: 0x9f1ac54BEF0DD2f6f3462EA0fa94fC62300d3a8e @ http://localhost:5173/src/App.jsx:90
[   62422ms] [LOG] 👷 Worker: 0x0000000000000000000000000000000000000000 @ http://localhost:5173/src/App.jsx:91
[   62422ms] [LOG] 💰 Amount: 0.0 @ http://localhost:5173/src/App.jsx:92
[   62422ms] [LOG] 📊 Status: 6 @ http://localhost:5173/src/App.jsx:93
