[      46ms] [INFO] %cDownload the React DevTools for a better development experience: https://react.dev/link/react-devtools font-weight:bold @ http://localhost:5173/node_modules/.vite/deps/react-dom_client.js?v=8f2f45eb:20102
[   18497ms] [LOG] 🔥 ticketAddresses: Proxy(_Result) @ http://localhost:5173/src/App.jsx:117
[   18532ms] [LOG] 📦 Ticket: 0xCafac3dD18aC6c6e92c921884f9E4176737C052c @ http://localhost:5173/src/App.jsx:90
[   18532ms] [LOG] 👷 Worker: 0x9965507D1a55bcC2695C58ba16FB37d819B0A4dc @ http://localhost:5173/src/App.jsx:91
[   18533ms] [LOG] 💰 Amount: 0.0 @ http://localhost:5173/src/App.jsx:92
[   18533ms] [LOG] 📊 Status: 4 @ http://localhost:5173/src/App.jsx:93
[   18535ms] [LOG] 📦 Ticket: 0x9f1ac54BEF0DD2f6f3462EA0fa94fC62300d3a8e @ http://localhost:5173/src/App.jsx:90
[   18535ms] [LOG] 👷 Worker: 0x0000000000000000000000000000000000000000 @ http://localhost:5173/src/App.jsx:91
[   18535ms] [LOG] 💰 Amount: 0.0 @ http://localhost:5173/src/App.jsx:92
[   18535ms] [LOG] 📊 Status: 6 @ http://localhost:5173/src/App.jsx:93
[   18539ms] [LOG] 📦 Ticket: 0xbf9fBFf01664500A33080Da5d437028b07DFcC55 @ http://localhost:5173/src/App.jsx:90
[   18539ms] [LOG] 👷 Worker: 0x0000000000000000000000000000000000000000 @ http://localhost:5173/src/App.jsx:91
[   18539ms] [LOG] 💰 Amount: 0.3 @ http://localhost:5173/src/App.jsx:92
[   18539ms] [LOG] 📊 Status: 0 @ http://localhost:5173/src/App.jsx:93
[   33474ms] [LOG] Current address: 0x9965507D1a55bcC2695C58ba16FB37d819B0A4dc @ http://localhost:5173/src/components/TicketDetail.jsx:31
[   33474ms] [LOG] Company: 0xf39Fd6e51aad88F6F4ce6aB8827279cffFb92266 @ http://localhost:5173/src/components/TicketDetail.jsx:32
[   33476ms] [LOG] Current address: 0x9965507D1a55bcC2695C58ba16FB37d819B0A4dc @ http://localhost:5173/src/components/TicketDetail.jsx:31
[   33476ms] [LOG] Company: 0xf39Fd6e51aad88F6F4ce6aB8827279cffFb92266 @ http://localhost:5173/src/components/TicketDetail.jsx:32
[   33552ms] [LOG] 🔥 ticketAddresses: Proxy(_Result) @ http://localhost:5173/src/App.jsx:117
[   33574ms] [LOG] 📦 Ticket: 0xCafac3dD18aC6c6e92c921884f9E4176737C052c @ http://localhost:5173/src/App.jsx:90
[   33574ms] [LOG] 👷 Worker: 0x9965507D1a55bcC2695C58ba16FB37d819B0A4dc @ http://localhost:5173/src/App.jsx:91
[   33574ms] [LOG] 💰 Amount: 0.0 @ http://localhost:5173/src/App.jsx:92
[   33574ms] [LOG] 📊 Status: 4 @ http://localhost:5173/src/App.jsx:93
[   33580ms] [LOG] 📦 Ticket: 0x9f1ac54BEF0DD2f6f3462EA0fa94fC62300d3a8e @ http://localhost:5173/src/App.jsx:90
[   33580ms] [LOG] 👷 Worker: 0x0000000000000000000000000000000000000000 @ http://localhost:5173/src/App.jsx:91
[   33580ms] [LOG] 💰 Amount: 0.0 @ http://localhost:5173/src/App.jsx:92
[   33580ms] [LOG] 📊 Status: 6 @ http://localhost:5173/src/App.jsx:93
[   33587ms] [LOG] 📦 Ticket: 0xbf9fBFf01664500A33080Da5d437028b07DFcC55 @ http://localhost:5173/src/App.jsx:90
[   33587ms] [LOG] 👷 Worker: 0x0000000000000000000000000000000000000000 @ http://localhost:5173/src/App.jsx:91
[   33587ms] [LOG] 💰 Amount: 0.3 @ http://localhost:5173/src/App.jsx:92
[   33587ms] [LOG] 📊 Status: 0 @ http://localhost:5173/src/App.jsx:93
[   41915ms] [LOG] 📦 Ticket: 0xbf9fBFf01664500A33080Da5d437028b07DFcC55 @ http://localhost:5173/src/App.jsx:90
[   41916ms] [LOG] 👷 Worker: 0x9965507D1a55bcC2695C58ba16FB37d819B0A4dc @ http://localhost:5173/src/App.jsx:91
[   41916ms] [LOG] 💰 Amount: 0.3 @ http://localhost:5173/src/App.jsx:92
[   41916ms] [LOG] 📊 Status: 1 @ http://localhost:5173/src/App.jsx:93
[   41933ms] [LOG] 🔥 ticketAddresses: Proxy(_Result) @ http://localhost:5173/src/App.jsx:117
[   41951ms] [LOG] 🔥 ticketAddresses: Proxy(_Result) @ http://localhost:5173/src/App.jsx:117
[   41971ms] [LOG] 📦 Ticket: 0xCafac3dD18aC6c6e92c921884f9E4176737C052c @ http://localhost:5173/src/App.jsx:90
[   41971ms] [LOG] 👷 Worker: 0x9965507D1a55bcC2695C58ba16FB37d819B0A4dc @ http://localhost:5173/src/App.jsx:91
[   41971ms] [LOG] 💰 Amount: 0.0 @ http://localhost:5173/src/App.jsx:92
[   41972ms] [LOG] 📊 Status: 4 @ http://localhost:5173/src/App.jsx:93
[   41977ms] [LOG] 📦 Ticket: 0x9f1ac54BEF0DD2f6f3462EA0fa94fC62300d3a8e @ http://localhost:5173/src/App.jsx:90
[   41977ms] [LOG] 👷 Worker: 0x0000000000000000000000000000000000000000 @ http://localhost:5173/src/App.jsx:91
[   41978ms] [LOG] 💰 Amount: 0.0 @ http://localhost:5173/src/App.jsx:92
[   41978ms] [LOG] 📊 Status: 6 @ http://localhost:5173/src/App.jsx:93
[   41981ms] [LOG] 📦 Ticket: 0xbf9fBFf01664500A33080Da5d437028b07DFcC55 @ http://localhost:5173/src/App.jsx:90
[   41981ms] [LOG] 👷 Worker: 0x9965507D1a55bcC2695C58ba16FB37d819B0A4dc @ http://localhost:5173/src/App.jsx:91
[   41982ms] [LOG] 💰 Amount: 0.3 @ http://localhost:5173/src/App.jsx:92
[   41982ms] [LOG] 📊 Status: 1 @ http://localhost:5173/src/App.jsx:93
[   41998ms] [LOG] 📦 Ticket: 0xCafac3dD18aC6c6e92c921884f9E4176737C052c @ http://localhost:5173/src/App.jsx:90
[   41998ms] [LOG] 👷 Worker: 0x9965507D1a55bcC2695C58ba16FB37d819B0A4dc @ http://localhost:5173/src/App.jsx:91
[   41998ms] [LOG] 💰 Amount: 0.0 @ http://localhost:5173/src/App.jsx:92
[   41998ms] [LOG] 📊 Status: 4 @ http://localhost:5173/src/App.jsx:93
[   42011ms] [LOG] 📦 Ticket: 0x9f1ac54BEF0DD2f6f3462EA0fa94fC62300d3a8e @ http://localhost:5173/src/App.jsx:90
[   42011ms] [LOG] 👷 Worker: 0x0000000000000000000000000000000000000000 @ http://localhost:5173/src/App.jsx:91
[   42012ms] [LOG] 💰 Amount: 0.0 @ http://localhost:5173/src/App.jsx:92
[   42012ms] [LOG] 📊 Status: 6 @ http://localhost:5173/src/App.jsx:93
[   42017ms] [LOG] 📦 Ticket: 0xbf9fBFf01664500A33080Da5d437028b07DFcC55 @ http://localhost:5173/src/App.jsx:90
[   42017ms] [LOG] 👷 Worker: 0x9965507D1a55bcC2695C58ba16FB37d819B0A4dc @ http://localhost:5173/src/App.jsx:91
[   42017ms] [LOG] 💰 Amount: 0.3 @ http://localhost:5173/src/App.jsx:92
[   42017ms] [LOG] 📊 Status: 1 @ http://localhost:5173/src/App.jsx:93
[   42017ms] [LOG] 🔥 ticketAddresses: Proxy(_Result) @ http://localhost:5173/src/App.jsx:117
[   42048ms] [LOG] 📦 Ticket: 0xCafac3dD18aC6c6e92c921884f9E4176737C052c @ http://localhost:5173/src/App.jsx:90
[   42048ms] [LOG] 👷 Worker: 0x9965507D1a55bcC2695C58ba16FB37d819B0A4dc @ http://localhost:5173/src/App.jsx:91
[   42049ms] [LOG] 💰 Amount: 0.0 @ http://localhost:5173/src/App.jsx:92
[   42049ms] [LOG] 📊 Status: 4 @ http://localhost:5173/src/App.jsx:93
[   42057ms] [LOG] 📦 Ticket: 0x9f1ac54BEF0DD2f6f3462EA0fa94fC62300d3a8e @ http://localhost:5173/src/App.jsx:90
[   42057ms] [LOG] 👷 Worker: 0x0000000000000000000000000000000000000000 @ http://localhost:5173/src/App.jsx:91
[   42057ms] [LOG] 💰 Amount: 0.0 @ http://localhost:5173/src/App.jsx:92
[   42057ms] [LOG] 📊 Status: 6 @ http://localhost:5173/src/App.jsx:93
[   42066ms] [LOG] 📦 Ticket: 0xbf9fBFf01664500A33080Da5d437028b07DFcC55 @ http://localhost:5173/src/App.jsx:90
[   42066ms] [LOG] 👷 Worker: 0x9965507D1a55bcC2695C58ba16FB37d819B0A4dc @ http://localhost:5173/src/App.jsx:91
[   42066ms] [LOG] 💰 Amount: 0.3 @ http://localhost:5173/src/App.jsx:92
[   42066ms] [LOG] 📊 Status: 1 @ http://localhost:5173/src/App.jsx:93
[   64654ms] [LOG] 📦 Ticket: 0xbf9fBFf01664500A33080Da5d437028b07DFcC55 @ http://localhost:5173/src/App.jsx:90
[   64654ms] [LOG] 👷 Worker: 0x9965507D1a55bcC2695C58ba16FB37d819B0A4dc @ http://localhost:5173/src/App.jsx:91
[   64654ms] [LOG] 💰 Amount: 0.3 @ http://localhost:5173/src/App.jsx:92
[   64654ms] [LOG] 📊 Status: 2 @ http://localhost:5173/src/App.jsx:93
[   64670ms] [LOG] 🔥 ticketAddresses: Proxy(_Result) @ http://localhost:5173/src/App.jsx:117
[   64687ms] [LOG] 🔥 ticketAddresses: Proxy(_Result) @ http://localhost:5173/src/App.jsx:117
[   64704ms] [LOG] 📦 Ticket: 0xCafac3dD18aC6c6e92c921884f9E4176737C052c @ http://localhost:5173/src/App.jsx:90
[   64704ms] [LOG] 👷 Worker: 0x9965507D1a55bcC2695C58ba16FB37d819B0A4dc @ http://localhost:5173/src/App.jsx:91
[   64704ms] [LOG] 💰 Amount: 0.0 @ http://localhost:5173/src/App.jsx:92
[   64704ms] [LOG] 📊 Status: 4 @ http://localhost:5173/src/App.jsx:93
[   64709ms] [LOG] 📦 Ticket: 0x9f1ac54BEF0DD2f6f3462EA0fa94fC62300d3a8e @ http://localhost:5173/src/App.jsx:90
[   64709ms] [LOG] 👷 Worker: 0x0000000000000000000000000000000000000000 @ http://localhost:5173/src/App.jsx:91
[   64709ms] [LOG] 💰 Amount: 0.0 @ http://localhost:5173/src/App.jsx:92
[   64709ms] [LOG] 📊 Status: 6 @ http://localhost:5173/src/App.jsx:93
[   64712ms] [LOG] 📦 Ticket: 0xbf9fBFf01664500A33080Da5d437028b07DFcC55 @ http://localhost:5173/src/App.jsx:90
[   64712ms] [LOG] 👷 Worker: 0x9965507D1a55bcC2695C58ba16FB37d819B0A4dc @ http://localhost:5173/src/App.jsx:91
[   64712ms] [LOG] 💰 Amount: 0.3 @ http://localhost:5173/src/App.jsx:92
[   64712ms] [LOG] 📊 Status: 2 @ http://localhost:5173/src/App.jsx:93
[   64736ms] [LOG] 📦 Ticket: 0xCafac3dD18aC6c6e92c921884f9E4176737C052c @ http://localhost:5173/src/App.jsx:90
[   64736ms] [LOG] 👷 Worker: 0x9965507D1a55bcC2695C58ba16FB37d819B0A4dc @ http://localhost:5173/src/App.jsx:91
[   64736ms] [LOG] 💰 Amount: 0.0 @ http://localhost:5173/src/App.jsx:92
[   64736ms] [LOG] 📊 Status: 4 @ http://localhost:5173/src/App.jsx:93
[   64742ms] [LOG] 📦 Ticket: 0x9f1ac54BEF0DD2f6f3462EA0fa94fC62300d3a8e @ http://localhost:5173/src/App.jsx:90
[   64742ms] [LOG] 👷 Worker: 0x0000000000000000000000000000000000000000 @ http://localhost:5173/src/App.jsx:91
[   64742ms] [LOG] 💰 Amount: 0.0 @ http://localhost:5173/src/App.jsx:92
[   64743ms] [LOG] 📊 Status: 6 @ http://localhost:5173/src/App.jsx:93
[   64747ms] [LOG] 📦 Ticket: 0xbf9fBFf01664500A33080Da5d437028b07DFcC55 @ http://localhost:5173/src/App.jsx:90
[   64747ms] [LOG] 👷 Worker: 0x9965507D1a55bcC2695C58ba16FB37d819B0A4dc @ http://localhost:5173/src/App.jsx:91
[   64747ms] [LOG] 💰 Amount: 0.3 @ http://localhost:5173/src/App.jsx:92
[   64747ms] [LOG] 📊 Status: 2 @ http://localhost:5173/src/App.jsx:93
[   64747ms] [LOG] 🔥 ticketAddresses: Proxy(_Result) @ http://localhost:5173/src/App.jsx:117
[   64783ms] [LOG] 📦 Ticket: 0xCafac3dD18aC6c6e92c921884f9E4176737C052c @ http://localhost:5173/src/App.jsx:90
[   64783ms] [LOG] 👷 Worker: 0x9965507D1a55bcC2695C58ba16FB37d819B0A4dc @ http://localhost:5173/src/App.jsx:91
[   64783ms] [LOG] 💰 Amount: 0.0 @ http://localhost:5173/src/App.jsx:92
[   64783ms] [LOG] 📊 Status: 4 @ http://localhost:5173/src/App.jsx:93
[   64786ms] [LOG] 📦 Ticket: 0x9f1ac54BEF0DD2f6f3462EA0fa94fC62300d3a8e @ http://localhost:5173/src/App.jsx:90
[   64786ms] [LOG] 👷 Worker: 0x0000000000000000000000000000000000000000 @ http://localhost:5173/src/App.jsx:91
[   64786ms] [LOG] 💰 Amount: 0.0 @ http://localhost:5173/src/App.jsx:92
[   64786ms] [LOG] 📊 Status: 6 @ http://localhost:5173/src/App.jsx:93
[   64789ms] [LOG] 📦 Ticket: 0xbf9fBFf01664500A33080Da5d437028b07DFcC55 @ http://localhost:5173/src/App.jsx:90
[   64790ms] [LOG] 👷 Worker: 0x9965507D1a55bcC2695C58ba16FB37d819B0A4dc @ http://localhost:5173/src/App.jsx:91
[   64790ms] [LOG] 💰 Amount: 0.3 @ http://localhost:5173/src/App.jsx:92
[   64790ms] [LOG] 📊 Status: 2 @ http://localhost:5173/src/App.jsx:93
