[      33ms] [INFO] %cDownload the React DevTools for a better development experience: https://react.dev/link/react-devtools font-weight:bold @ http://localhost:5173/node_modules/.vite/deps/react-dom_client.js?v=8f2f45eb:20102
[   19802ms] [LOG] 🔥 ticketAddresses: Proxy(_Result) @ http://localhost:5173/src/App.jsx:117
[   19819ms] [LOG] 📦 Ticket: 0xCafac3dD18aC6c6e92c921884f9E4176737C052c @ http://localhost:5173/src/App.jsx:90
[   19819ms] [LOG] 👷 Worker: 0x0000000000000000000000000000000000000000 @ http://localhost:5173/src/App.jsx:91
[   19819ms] [LOG] 💰 Amount: 1.0 @ http://localhost:5173/src/App.jsx:92
[   19819ms] [LOG] 📊 Status: 0 @ http://localhost:5173/src/App.jsx:93
[   19826ms] [LOG] 📦 Ticket: 0x9f1ac54BEF0DD2f6f3462EA0fa94fC62300d3a8e @ http://localhost:5173/src/App.jsx:90
[   19826ms] [LOG] 👷 Worker: 0x0000000000000000000000000000000000000000 @ http://localhost:5173/src/App.jsx:91
[   19826ms] [LOG] 💰 Amount: 0.5 @ http://localhost:5173/src/App.jsx:92
[   19826ms] [LOG] 📊 Status: 0 @ http://localhost:5173/src/App.jsx:93
[   36176ms] [LOG] Current address: 0x70997970C51812dc3A010C7d01b50e0d17dc79C8 @ http://localhost:5173/src/components/TicketDetail.jsx:31
[   36176ms] [LOG] Company: 0xf39Fd6e51aad88F6F4ce6aB8827279cffFb92266 @ http://localhost:5173/src/components/TicketDetail.jsx:32
[   36177ms] [LOG] Current address: 0x70997970C51812dc3A010C7d01b50e0d17dc79C8 @ http://localhost:5173/src/components/TicketDetail.jsx:31
[   36177ms] [LOG] Company: 0xf39Fd6e51aad88F6F4ce6aB8827279cffFb92266 @ http://localhost:5173/src/components/TicketDetail.jsx:32
[   36222ms] [LOG] 🔥 ticketAddresses: Proxy(_Result) @ http://localhost:5173/src/App.jsx:117
[   36237ms] [LOG] 📦 Ticket: 0xCafac3dD18aC6c6e92c921884f9E4176737C052c @ http://localhost:5173/src/App.jsx:90
[   36237ms] [LOG] 👷 Worker: 0x0000000000000000000000000000000000000000 @ http://localhost:5173/src/App.jsx:91
[   36237ms] [LOG] 💰 Amount: 1.0 @ http://localhost:5173/src/App.jsx:92
[   36237ms] [LOG] 📊 Status: 0 @ http://localhost:5173/src/App.jsx:93
[   36244ms] [LOG] 📦 Ticket: 0x9f1ac54BEF0DD2f6f3462EA0fa94fC62300d3a8e @ http://localhost:5173/src/App.jsx:90
[   36244ms] [LOG] 👷 Worker: 0x0000000000000000000000000000000000000000 @ http://localhost:5173/src/App.jsx:91
[   36244ms] [LOG] 💰 Amount: 0.5 @ http://localhost:5173/src/App.jsx:92
[   36244ms] [LOG] 📊 Status: 0 @ http://localhost:5173/src/App.jsx:93
[   62826ms] [LOG] 📦 Ticket: 0x9f1ac54BEF0DD2f6f3462EA0fa94fC62300d3a8e @ http://localhost:5173/src/App.jsx:90
[   62826ms] [LOG] 👷 Worker: 0x70997970C51812dc3A010C7d01b50e0d17dc79C8 @ http://localhost:5173/src/App.jsx:91
[   62826ms] [LOG] 💰 Amount: 0.5 @ http://localhost:5173/src/App.jsx:92
[   62826ms] [LOG] 📊 Status: 1 @ http://localhost:5173/src/App.jsx:93
[   62842ms] [LOG] 🔥 ticketAddresses: Proxy(_Result) @ http://localhost:5173/src/App.jsx:117
[   62846ms] [LOG] 🔥 ticketAddresses: Proxy(_Result) @ http://localhost:5173/src/App.jsx:117
[   62854ms] [LOG] 📦 Ticket: 0xCafac3dD18aC6c6e92c921884f9E4176737C052c @ http://localhost:5173/src/App.jsx:90
[   62854ms] [LOG] 👷 Worker: 0x0000000000000000000000000000000000000000 @ http://localhost:5173/src/App.jsx:91
[   62854ms] [LOG] 💰 Amount: 1.0 @ http://localhost:5173/src/App.jsx:92
[   62854ms] [LOG] 📊 Status: 0 @ http://localhost:5173/src/App.jsx:93
[   62863ms] [LOG] 📦 Ticket: 0x9f1ac54BEF0DD2f6f3462EA0fa94fC62300d3a8e @ http://localhost:5173/src/App.jsx:90
[   62863ms] [LOG] 👷 Worker: 0x70997970C51812dc3A010C7d01b50e0d17dc79C8 @ http://localhost:5173/src/App.jsx:91
[   62863ms] [LOG] 💰 Amount: 0.5 @ http://localhost:5173/src/App.jsx:92
[   62863ms] [LOG] 📊 Status: 1 @ http://localhost:5173/src/App.jsx:93
[   62875ms] [LOG] 📦 Ticket: 0xCafac3dD18aC6c6e92c921884f9E4176737C052c @ http://localhost:5173/src/App.jsx:90
[   62875ms] [LOG] 👷 Worker: 0x0000000000000000000000000000000000000000 @ http://localhost:5173/src/App.jsx:91
[   62875ms] [LOG] 💰 Amount: 1.0 @ http://localhost:5173/src/App.jsx:92
[   62875ms] [LOG] 📊 Status: 0 @ http://localhost:5173/src/App.jsx:93
[   62880ms] [LOG] 📦 Ticket: 0x9f1ac54BEF0DD2f6f3462EA0fa94fC62300d3a8e @ http://localhost:5173/src/App.jsx:90
[   62880ms] [LOG] 👷 Worker: 0x70997970C51812dc3A010C7d01b50e0d17dc79C8 @ http://localhost:5173/src/App.jsx:91
[   62880ms] [LOG] 💰 Amount: 0.5 @ http://localhost:5173/src/App.jsx:92
[   62880ms] [LOG] 📊 Status: 1 @ http://localhost:5173/src/App.jsx:93
[   62884ms] [LOG] 🔥 ticketAddresses: Proxy(_Result) @ http://localhost:5173/src/App.jsx:117
[   62899ms] [LOG] 📦 Ticket: 0xCafac3dD18aC6c6e92c921884f9E4176737C052c @ http://localhost:5173/src/App.jsx:90
[   62899ms] [LOG] 👷 Worker: 0x0000000000000000000000000000000000000000 @ http://localhost:5173/src/App.jsx:91
[   62899ms] [LOG] 💰 Amount: 1.0 @ http://localhost:5173/src/App.jsx:92
[   62899ms] [LOG] 📊 Status: 0 @ http://localhost:5173/src/App.jsx:93
[   62907ms] [LOG] 📦 Ticket: 0x9f1ac54BEF0DD2f6f3462EA0fa94fC62300d3a8e @ http://localhost:5173/src/App.jsx:90
[   62907ms] [LOG] 👷 Worker: 0x70997970C51812dc3A010C7d01b50e0d17dc79C8 @ http://localhost:5173/src/App.jsx:91
[   62907ms] [LOG] 💰 Amount: 0.5 @ http://localhost:5173/src/App.jsx:92
[   62907ms] [LOG] 📊 Status: 1 @ http://localhost:5173/src/App.jsx:93
[   86333ms] [LOG] 📦 Ticket: 0x9f1ac54BEF0DD2f6f3462EA0fa94fC62300d3a8e @ http://localhost:5173/src/App.jsx:90
[   86333ms] [LOG] 👷 Worker: 0x70997970C51812dc3A010C7d01b50e0d17dc79C8 @ http://localhost:5173/src/App.jsx:91
[   86333ms] [LOG] 💰 Amount: 0.5 @ http://localhost:5173/src/App.jsx:92
[   86333ms] [LOG] 📊 Status: 2 @ http://localhost:5173/src/App.jsx:93
[   86345ms] [LOG] 🔥 ticketAddresses: Proxy(_Result) @ http://localhost:5173/src/App.jsx:117
[   86353ms] [LOG] 🔥 ticketAddresses: Proxy(_Result) @ http://localhost:5173/src/App.jsx:117
[   86360ms] [LOG] 📦 Ticket: 0xCafac3dD18aC6c6e92c921884f9E4176737C052c @ http://localhost:5173/src/App.jsx:90
[   86360ms] [LOG] 👷 Worker: 0x0000000000000000000000000000000000000000 @ http://localhost:5173/src/App.jsx:91
[   86360ms] [LOG] 💰 Amount: 1.0 @ http://localhost:5173/src/App.jsx:92
[   86360ms] [LOG] 📊 Status: 0 @ http://localhost:5173/src/App.jsx:93
[   86368ms] [LOG] 📦 Ticket: 0x9f1ac54BEF0DD2f6f3462EA0fa94fC62300d3a8e @ http://localhost:5173/src/App.jsx:90
[   86368ms] [LOG] 👷 Worker: 0x70997970C51812dc3A010C7d01b50e0d17dc79C8 @ http://localhost:5173/src/App.jsx:91
[   86368ms] [LOG] 💰 Amount: 0.5 @ http://localhost:5173/src/App.jsx:92
[   86368ms] [LOG] 📊 Status: 2 @ http://localhost:5173/src/App.jsx:93
[   86380ms] [LOG] 📦 Ticket: 0xCafac3dD18aC6c6e92c921884f9E4176737C052c @ http://localhost:5173/src/App.jsx:90
[   86381ms] [LOG] 👷 Worker: 0x0000000000000000000000000000000000000000 @ http://localhost:5173/src/App.jsx:91
[   86381ms] [LOG] 💰 Amount: 1.0 @ http://localhost:5173/src/App.jsx:92
[   86381ms] [LOG] 📊 Status: 0 @ http://localhost:5173/src/App.jsx:93
[   86383ms] [LOG] 📦 Ticket: 0x9f1ac54BEF0DD2f6f3462EA0fa94fC62300d3a8e @ http://localhost:5173/src/App.jsx:90
[   86383ms] [LOG] 👷 Worker: 0x70997970C51812dc3A010C7d01b50e0d17dc79C8 @ http://localhost:5173/src/App.jsx:91
[   86383ms] [LOG] 💰 Amount: 0.5 @ http://localhost:5173/src/App.jsx:92
[   86383ms] [LOG] 📊 Status: 2 @ http://localhost:5173/src/App.jsx:93
[   86388ms] [LOG] 🔥 ticketAddresses: Proxy(_Result) @ http://localhost:5173/src/App.jsx:117
[   86400ms] [LOG] 📦 Ticket: 0xCafac3dD18aC6c6e92c921884f9E4176737C052c @ http://localhost:5173/src/App.jsx:90
[   86400ms] [LOG] 👷 Worker: 0x0000000000000000000000000000000000000000 @ http://localhost:5173/src/App.jsx:91
[   86400ms] [LOG] 💰 Amount: 1.0 @ http://localhost:5173/src/App.jsx:92
[   86400ms] [LOG] 📊 Status: 0 @ http://localhost:5173/src/App.jsx:93
[   86407ms] [LOG] 📦 Ticket: 0x9f1ac54BEF0DD2f6f3462EA0fa94fC62300d3a8e @ http://localhost:5173/src/App.jsx:90
[   86407ms] [LOG] 👷 Worker: 0x70997970C51812dc3A010C7d01b50e0d17dc79C8 @ http://localhost:5173/src/App.jsx:91
[   86407ms] [LOG] 💰 Amount: 0.5 @ http://localhost:5173/src/App.jsx:92
[   86407ms] [LOG] 📊 Status: 2 @ http://localhost:5173/src/App.jsx:93
