[      42ms] [INFO] %cDownload the React DevTools for a better development experience: https://react.dev/link/react-devtools font-weight:bold @ http://localhost:5173/node_modules/.vite/deps/react-dom_client.js?v=8f2f45eb:20102
[   15068ms] [LOG] 🔥 ticketAddresses: Proxy(_Result) @ http://localhost:5173/src/App.jsx:117
[   15097ms] [LOG] 📦 Ticket: 0xCafac3dD18aC6c6e92c921884f9E4176737C052c @ http://localhost:5173/src/App.jsx:90
[   15097ms] [LOG] 👷 Worker: 0x9965507D1a55bcC2695C58ba16FB37d819B0A4dc @ http://localhost:5173/src/App.jsx:91
[   15098ms] [LOG] 💰 Amount: 0.0 @ http://localhost:5173/src/App.jsx:92
[   15098ms] [LOG] 📊 Status: 4 @ http://localhost:5173/src/App.jsx:93
[   15101ms] [LOG] 📦 Ticket: 0x9f1ac54BEF0DD2f6f3462EA0fa94fC62300d3a8e @ http://localhost:5173/src/App.jsx:90
[   15101ms] [LOG] 👷 Worker: 0x0000000000000000000000000000000000000000 @ http://localhost:5173/src/App.jsx:91
[   15101ms] [LOG] 💰 Amount: 0.0 @ http://localhost:5173/src/App.jsx:92
[   15101ms] [LOG] 📊 Status: 6 @ http://localhost:5173/src/App.jsx:93
[   15106ms] [LOG] 📦 Ticket: 0xbf9fBFf01664500A33080Da5d437028b07DFcC55 @ http://localhost:5173/src/App.jsx:90
[   15106ms] [LOG] 👷 Worker: 0x9965507D1a55bcC2695C58ba16FB37d819B0A4dc @ http://localhost:5173/src/App.jsx:91
[   15106ms] [LOG] 💰 Amount: 0.3 @ http://localhost:5173/src/App.jsx:92
[   15106ms] [LOG] 📊 Status: 2 @ http://localhost:5173/src/App.jsx:93
[   30157ms] [LOG] Current address: 0xf39Fd6e51aad88F6F4ce6aB8827279cffFb92266 @ http://localhost:5173/src/components/TicketDetail.jsx:31
[   30157ms] [LOG] Company: 0xf39Fd6e51aad88F6F4ce6aB8827279cffFb92266 @ http://localhost:5173/src/components/TicketDetail.jsx:32
[   30158ms] [LOG] Current address: 0xf39Fd6e51aad88F6F4ce6aB8827279cffFb92266 @ http://localhost:5173/src/components/TicketDetail.jsx:31
[   30158ms] [LOG] Company: 0xf39Fd6e51aad88F6F4ce6aB8827279cffFb92266 @ http://localhost:5173/src/components/TicketDetail.jsx:32
[   30241ms] [LOG] 🔥 ticketAddresses: Proxy(_Result) @ http://localhost:5173/src/App.jsx:117
[   30264ms] [LOG] 📦 Ticket: 0xCafac3dD18aC6c6e92c921884f9E4176737C052c @ http://localhost:5173/src/App.jsx:90
[   30264ms] [LOG] 👷 Worker: 0x9965507D1a55bcC2695C58ba16FB37d819B0A4dc @ http://localhost:5173/src/App.jsx:91
[   30264ms] [LOG] 💰 Amount: 0.0 @ http://localhost:5173/src/App.jsx:92
[   30264ms] [LOG] 📊 Status: 4 @ http://localhost:5173/src/App.jsx:93
[   30267ms] [LOG] 📦 Ticket: 0x9f1ac54BEF0DD2f6f3462EA0fa94fC62300d3a8e @ http://localhost:5173/src/App.jsx:90
[   30267ms] [LOG] 👷 Worker: 0x0000000000000000000000000000000000000000 @ http://localhost:5173/src/App.jsx:91
[   30267ms] [LOG] 💰 Amount: 0.0 @ http://localhost:5173/src/App.jsx:92
[   30267ms] [LOG] 📊 Status: 6 @ http://localhost:5173/src/App.jsx:93
[   30273ms] [LOG] 📦 Ticket: 0xbf9fBFf01664500A33080Da5d437028b07DFcC55 @ http://localhost:5173/src/App.jsx:90
[   30273ms] [LOG] 👷 Worker: 0x9965507D1a55bcC2695C58ba16FB37d819B0A4dc @ http://localhost:5173/src/App.jsx:91
[   30273ms] [LOG] 💰 Amount: 0.3 @ http://localhost:5173/src/App.jsx:92
[   30273ms] [LOG] 📊 Status: 2 @ http://localhost:5173/src/App.jsx:93
[   42323ms] [LOG] 📦 Ticket: 0xbf9fBFf01664500A33080Da5d437028b07DFcC55 @ http://localhost:5173/src/App.jsx:90
[   42323ms] [LOG] 👷 Worker: 0x9965507D1a55bcC2695C58ba16FB37d819B0A4dc @ http://localhost:5173/src/App.jsx:91
[   42323ms] [LOG] 💰 Amount: 0.3 @ http://localhost:5173/src/App.jsx:92
[   42323ms] [LOG] 📊 Status: 3 @ http://localhost:5173/src/App.jsx:93
[   42338ms] [LOG] 🔥 ticketAddresses: Proxy(_Result) @ http://localhost:5173/src/App.jsx:117
[   42350ms] [LOG] 🔥 ticketAddresses: Proxy(_Result) @ http://localhost:5173/src/App.jsx:117
[   42367ms] [LOG] 📦 Ticket: 0xCafac3dD18aC6c6e92c921884f9E4176737C052c @ http://localhost:5173/src/App.jsx:90
[   42367ms] [LOG] 👷 Worker: 0x9965507D1a55bcC2695C58ba16FB37d819B0A4dc @ http://localhost:5173/src/App.jsx:91
[   42368ms] [LOG] 💰 Amount: 0.0 @ http://localhost:5173/src/App.jsx:92
[   42368ms] [LOG] 📊 Status: 4 @ http://localhost:5173/src/App.jsx:93
[   42375ms] [LOG] 📦 Ticket: 0x9f1ac54BEF0DD2f6f3462EA0fa94fC62300d3a8e @ http://localhost:5173/src/App.jsx:90
[   42375ms] [LOG] 👷 Worker: 0x0000000000000000000000000000000000000000 @ http://localhost:5173/src/App.jsx:91
[   42375ms] [LOG] 💰 Amount: 0.0 @ http://localhost:5173/src/App.jsx:92
[   42375ms] [LOG] 📊 Status: 6 @ http://localhost:5173/src/App.jsx:93
[   42377ms] [LOG] 📦 Ticket: 0xbf9fBFf01664500A33080Da5d437028b07DFcC55 @ http://localhost:5173/src/App.jsx:90
[   42377ms] [LOG] 👷 Worker: 0x9965507D1a55bcC2695C58ba16FB37d819B0A4dc @ http://localhost:5173/src/App.jsx:91
[   42377ms] [LOG] 💰 Amount: 0.3 @ http://localhost:5173/src/App.jsx:92
[   42377ms] [LOG] 📊 Status: 3 @ http://localhost:5173/src/App.jsx:93
[   42406ms] [LOG] 📦 Ticket: 0xCafac3dD18aC6c6e92c921884f9E4176737C052c @ http://localhost:5173/src/App.jsx:90
[   42406ms] [LOG] 👷 Worker: 0x9965507D1a55bcC2695C58ba16FB37d819B0A4dc @ http://localhost:5173/src/App.jsx:91
[   42406ms] [LOG] 💰 Amount: 0.0 @ http://localhost:5173/src/App.jsx:92
[   42407ms] [LOG] 📊 Status: 4 @ http://localhost:5173/src/App.jsx:93
[   42410ms] [LOG] 📦 Ticket: 0x9f1ac54BEF0DD2f6f3462EA0fa94fC62300d3a8e @ http://localhost:5173/src/App.jsx:90
[   42411ms] [LOG] 👷 Worker: 0x0000000000000000000000000000000000000000 @ http://localhost:5173/src/App.jsx:91
[   42411ms] [LOG] 💰 Amount: 0.0 @ http://localhost:5173/src/App.jsx:92
[   42411ms] [LOG] 📊 Status: 6 @ http://localhost:5173/src/App.jsx:93
[   42413ms] [LOG] 📦 Ticket: 0xbf9fBFf01664500A33080Da5d437028b07DFcC55 @ http://localhost:5173/src/App.jsx:90
[   42413ms] [LOG] 👷 Worker: 0x9965507D1a55bcC2695C58ba16FB37d819B0A4dc @ http://localhost:5173/src/App.jsx:91
[   42413ms] [LOG] 💰 Amount: 0.3 @ http://localhost:5173/src/App.jsx:92
[   42413ms] [LOG] 📊 Status: 3 @ http://localhost:5173/src/App.jsx:93
[   42413ms] [LOG] 🔥 ticketAddresses: Proxy(_Result) @ http://localhost:5173/src/App.jsx:117
[   42442ms] [LOG] 📦 Ticket: 0xCafac3dD18aC6c6e92c921884f9E4176737C052c @ http://localhost:5173/src/App.jsx:90
[   42442ms] [LOG] 👷 Worker: 0x9965507D1a55bcC2695C58ba16FB37d819B0A4dc @ http://localhost:5173/src/App.jsx:91
[   42443ms] [LOG] 💰 Amount: 0.0 @ http://localhost:5173/src/App.jsx:92
[   42443ms] [LOG] 📊 Status: 4 @ http://localhost:5173/src/App.jsx:93
[   42446ms] [LOG] 📦 Ticket: 0x9f1ac54BEF0DD2f6f3462EA0fa94fC62300d3a8e @ http://localhost:5173/src/App.jsx:90
[   42446ms] [LOG] 👷 Worker: 0x0000000000000000000000000000000000000000 @ http://localhost:5173/src/App.jsx:91
[   42446ms] [LOG] 💰 Amount: 0.0 @ http://localhost:5173/src/App.jsx:92
[   42446ms] [LOG] 📊 Status: 6 @ http://localhost:5173/src/App.jsx:93
[   42451ms] [LOG] 📦 Ticket: 0xbf9fBFf01664500A33080Da5d437028b07DFcC55 @ http://localhost:5173/src/App.jsx:90
[   42452ms] [LOG] 👷 Worker: 0x9965507D1a55bcC2695C58ba16FB37d819B0A4dc @ http://localhost:5173/src/App.jsx:91
[   42452ms] [LOG] 💰 Amount: 0.3 @ http://localhost:5173/src/App.jsx:92
[   42452ms] [LOG] 📊 Status: 3 @ http://localhost:5173/src/App.jsx:93
[  100493ms] [INFO] %cDownload the React DevTools for a better development experience: https://react.dev/link/react-devtools font-weight:bold @ http://localhost:5173/node_modules/.vite/deps/react-dom_client.js?v=8f2f45eb:20102
