[      61ms] [INFO] %cDownload the React DevTools for a better development experience: https://react.dev/link/react-devtools font-weight:bold @ http://localhost:5173/node_modules/.vite/deps/react-dom_client.js?v=8f2f45eb:20102
[   14652ms] [LOG] 🔥 ticketAddresses: Proxy(_Result) @ http://localhost:5173/src/App.jsx:117
[   14673ms] [LOG] 📦 Ticket: 0xCafac3dD18aC6c6e92c921884f9E4176737C052c @ http://localhost:5173/src/App.jsx:90
[   14673ms] [LOG] 👷 Worker: 0x0000000000000000000000000000000000000000 @ http://localhost:5173/src/App.jsx:91
[   14673ms] [LOG] 💰 Amount: 1.0 @ http://localhost:5173/src/App.jsx:92
[   14673ms] [LOG] 📊 Status: 0 @ http://localhost:5173/src/App.jsx:93
[   14682ms] [LOG] 📦 Ticket: 0x9f1ac54BEF0DD2f6f3462EA0fa94fC62300d3a8e @ http://localhost:5173/src/App.jsx:90
[   14683ms] [LOG] 👷 Worker: 0x0000000000000000000000000000000000000000 @ http://localhost:5173/src/App.jsx:91
[   14683ms] [LOG] 💰 Amount: 0.0 @ http://localhost:5173/src/App.jsx:92
[   14683ms] [LOG] 📊 Status: 6 @ http://localhost:5173/src/App.jsx:93
[   41593ms] [LOG] Current address: 0x9965507D1a55bcC2695C58ba16FB37d819B0A4dc @ http://localhost:5173/src/components/TicketDetail.jsx:31
[   41594ms] [LOG] Company: 0xf39Fd6e51aad88F6F4ce6aB8827279cffFb92266 @ http://localhost:5173/src/components/TicketDetail.jsx:32
[   41596ms] [LOG] Current address: 0x9965507D1a55bcC2695C58ba16FB37d819B0A4dc @ http://localhost:5173/src/components/TicketDetail.jsx:31
[   41596ms] [LOG] Company: 0xf39Fd6e51aad88F6F4ce6aB8827279cffFb92266 @ http://localhost:5173/src/components/TicketDetail.jsx:32
[   41625ms] [LOG] 🔥 ticketAddresses: Proxy(_Result) @ http://localhost:5173/src/App.jsx:117
[   41644ms] [LOG] 📦 Ticket: 0xCafac3dD18aC6c6e92c921884f9E4176737C052c @ http://localhost:5173/src/App.jsx:90
[   41644ms] [LOG] 👷 Worker: 0x0000000000000000000000000000000000000000 @ http://localhost:5173/src/App.jsx:91
[   41644ms] [LOG] 💰 Amount: 1.0 @ http://localhost:5173/src/App.jsx:92
[   41644ms] [LOG] 📊 Status: 0 @ http://localhost:5173/src/App.jsx:93
[   41654ms] [LOG] 📦 Ticket: 0x9f1ac54BEF0DD2f6f3462EA0fa94fC62300d3a8e @ http://localhost:5173/src/App.jsx:90
[   41654ms] [LOG] 👷 Worker: 0x0000000000000000000000000000000000000000 @ http://localhost:5173/src/App.jsx:91
[   41654ms] [LOG] 💰 Amount: 0.0 @ http://localhost:5173/src/App.jsx:92
[   41654ms] [LOG] 📊 Status: 6 @ http://localhost:5173/src/App.jsx:93
[   60938ms] [LOG] 📦 Ticket: 0xCafac3dD18aC6c6e92c921884f9E4176737C052c @ http://localhost:5173/src/App.jsx:90
[   60938ms] [LOG] 👷 Worker: 0x9965507D1a55bcC2695C58ba16FB37d819B0A4dc @ http://localhost:5173/src/App.jsx:91
[   60938ms] [LOG] 💰 Amount: 1.0 @ http://localhost:5173/src/App.jsx:92
[   60938ms] [LOG] 📊 Status: 1 @ http://localhost:5173/src/App.jsx:93
[   60972ms] [LOG] 🔥 ticketAddresses: Proxy(_Result) @ http://localhost:5173/src/App.jsx:117
[   60982ms] [LOG] 🔥 ticketAddresses: Proxy(_Result) @ http://localhost:5173/src/App.jsx:117
[   60996ms] [LOG] 📦 Ticket: 0xCafac3dD18aC6c6e92c921884f9E4176737C052c @ http://localhost:5173/src/App.jsx:90
[   60996ms] [LOG] 👷 Worker: 0x9965507D1a55bcC2695C58ba16FB37d819B0A4dc @ http://localhost:5173/src/App.jsx:91
[   60996ms] [LOG] 💰 Amount: 1.0 @ http://localhost:5173/src/App.jsx:92
[   60996ms] [LOG] 📊 Status: 1 @ http://localhost:5173/src/App.jsx:93
[   60999ms] [LOG] 📦 Ticket: 0x9f1ac54BEF0DD2f6f3462EA0fa94fC62300d3a8e @ http://localhost:5173/src/App.jsx:90
[   60999ms] [LOG] 👷 Worker: 0x0000000000000000000000000000000000000000 @ http://localhost:5173/src/App.jsx:91
[   60999ms] [LOG] 💰 Amount: 0.0 @ http://localhost:5173/src/App.jsx:92
[   60999ms] [LOG] 📊 Status: 6 @ http://localhost:5173/src/App.jsx:93
[   61022ms] [LOG] 📦 Ticket: 0xCafac3dD18aC6c6e92c921884f9E4176737C052c @ http://localhost:5173/src/App.jsx:90
[   61022ms] [LOG] 👷 Worker: 0x9965507D1a55bcC2695C58ba16FB37d819B0A4dc @ http://localhost:5173/src/App.jsx:91
[   61022ms] [LOG] 💰 Amount: 1.0 @ http://localhost:5173/src/App.jsx:92
[   61022ms] [LOG] 📊 Status: 1 @ http://localhost:5173/src/App.jsx:93
[   61025ms] [LOG] 📦 Ticket: 0x9f1ac54BEF0DD2f6f3462EA0fa94fC62300d3a8e @ http://localhost:5173/src/App.jsx:90
[   61025ms] [LOG] 👷 Worker: 0x0000000000000000000000000000000000000000 @ http://localhost:5173/src/App.jsx:91
[   61025ms] [LOG] 💰 Amount: 0.0 @ http://localhost:5173/src/App.jsx:92
[   61025ms] [LOG] 📊 Status: 6 @ http://localhost:5173/src/App.jsx:93
[   61026ms] [LOG] 🔥 ticketAddresses: Proxy(_Result) @ http://localhost:5173/src/App.jsx:117
[   61055ms] [LOG] 📦 Ticket: 0xCafac3dD18aC6c6e92c921884f9E4176737C052c @ http://localhost:5173/src/App.jsx:90
[   61055ms] [LOG] 👷 Worker: 0x9965507D1a55bcC2695C58ba16FB37d819B0A4dc @ http://localhost:5173/src/App.jsx:91
[   61055ms] [LOG] 💰 Amount: 1.0 @ http://localhost:5173/src/App.jsx:92
[   61055ms] [LOG] 📊 Status: 1 @ http://localhost:5173/src/App.jsx:93
[   61063ms] [LOG] 📦 Ticket: 0x9f1ac54BEF0DD2f6f3462EA0fa94fC62300d3a8e @ http://localhost:5173/src/App.jsx:90
[   61063ms] [LOG] 👷 Worker: 0x0000000000000000000000000000000000000000 @ http://localhost:5173/src/App.jsx:91
[   61063ms] [LOG] 💰 Amount: 0.0 @ http://localhost:5173/src/App.jsx:92
[   61063ms] [LOG] 📊 Status: 6 @ http://localhost:5173/src/App.jsx:93
[  103185ms] [LOG] 📦 Ticket: 0xCafac3dD18aC6c6e92c921884f9E4176737C052c @ http://localhost:5173/src/App.jsx:90
[  103185ms] [LOG] 👷 Worker: 0x9965507D1a55bcC2695C58ba16FB37d819B0A4dc @ http://localhost:5173/src/App.jsx:91
[  103186ms] [LOG] 💰 Amount: 1.0 @ http://localhost:5173/src/App.jsx:92
[  103186ms] [LOG] 📊 Status: 2 @ http://localhost:5173/src/App.jsx:93
[  103209ms] [LOG] 🔥 ticketAddresses: Proxy(_Result) @ http://localhost:5173/src/App.jsx:117
[  103242ms] [LOG] 🔥 ticketAddresses: Proxy(_Result) @ http://localhost:5173/src/App.jsx:117
[  103272ms] [LOG] 📦 Ticket: 0xCafac3dD18aC6c6e92c921884f9E4176737C052c @ http://localhost:5173/src/App.jsx:90
[  103272ms] [LOG] 👷 Worker: 0x9965507D1a55bcC2695C58ba16FB37d819B0A4dc @ http://localhost:5173/src/App.jsx:91
[  103273ms] [LOG] 💰 Amount: 1.0 @ http://localhost:5173/src/App.jsx:92
[  103273ms] [LOG] 📊 Status: 2 @ http://localhost:5173/src/App.jsx:93
[  103280ms] [LOG] 📦 Ticket: 0x9f1ac54BEF0DD2f6f3462EA0fa94fC62300d3a8e @ http://localhost:5173/src/App.jsx:90
[  103280ms] [LOG] 👷 Worker: 0x0000000000000000000000000000000000000000 @ http://localhost:5173/src/App.jsx:91
[  103280ms] [LOG] 💰 Amount: 0.0 @ http://localhost:5173/src/App.jsx:92
[  103280ms] [LOG] 📊 Status: 6 @ http://localhost:5173/src/App.jsx:93
[  103328ms] [LOG] 📦 Ticket: 0xCafac3dD18aC6c6e92c921884f9E4176737C052c @ http://localhost:5173/src/App.jsx:90
[  103328ms] [LOG] 👷 Worker: 0x9965507D1a55bcC2695C58ba16FB37d819B0A4dc @ http://localhost:5173/src/App.jsx:91
[  103328ms] [LOG] 💰 Amount: 1.0 @ http://localhost:5173/src/App.jsx:92
[  103328ms] [LOG] 📊 Status: 2 @ http://localhost:5173/src/App.jsx:93
[  103351ms] [LOG] 📦 Ticket: 0x9f1ac54BEF0DD2f6f3462EA0fa94fC62300d3a8e @ http://localhost:5173/src/App.jsx:90
[  103351ms] [LOG] 👷 Worker: 0x0000000000000000000000000000000000000000 @ http://localhost:5173/src/App.jsx:91
[  103351ms] [LOG] 💰 Amount: 0.0 @ http://localhost:5173/src/App.jsx:92
[  103351ms] [LOG] 📊 Status: 6 @ http://localhost:5173/src/App.jsx:93
[  103367ms] [LOG] 🔥 ticketAddresses: Proxy(_Result) @ http://localhost:5173/src/App.jsx:117
[  103396ms] [LOG] 📦 Ticket: 0xCafac3dD18aC6c6e92c921884f9E4176737C052c @ http://localhost:5173/src/App.jsx:90
[  103396ms] [LOG] 👷 Worker: 0x9965507D1a55bcC2695C58ba16FB37d819B0A4dc @ http://localhost:5173/src/App.jsx:91
[  103396ms] [LOG] 💰 Amount: 1.0 @ http://localhost:5173/src/App.jsx:92
[  103396ms] [LOG] 📊 Status: 2 @ http://localhost:5173/src/App.jsx:93
[  103409ms] [LOG] 📦 Ticket: 0x9f1ac54BEF0DD2f6f3462EA0fa94fC62300d3a8e @ http://localhost:5173/src/App.jsx:90
[  103409ms] [LOG] 👷 Worker: 0x0000000000000000000000000000000000000000 @ http://localhost:5173/src/App.jsx:91
[  103409ms] [LOG] 💰 Amount: 0.0 @ http://localhost:5173/src/App.jsx:92
[  103409ms] [LOG] 📊 Status: 6 @ http://localhost:5173/src/App.jsx:93
