[      36ms] [INFO] %cDownload the React DevTools for a better development experience: https://react.dev/link/react-devtools font-weight:bold @ http://localhost:5173/node_modules/.vite/deps/react-dom_client.js?v=8f2f45eb:20102
[   25760ms] [LOG] 🔥 ticketAddresses: Proxy(_Result) @ http://localhost:5173/src/App.jsx:117
[   25774ms] [LOG] 📦 Ticket: 0xCafac3dD18aC6c6e92c921884f9E4176737C052c @ http://localhost:5173/src/App.jsx:90
[   25774ms] [LOG] 👷 Worker: 0x0000000000000000000000000000000000000000 @ http://localhost:5173/src/App.jsx:91
[   25774ms] [LOG] 💰 Amount: 1.0 @ http://localhost:5173/src/App.jsx:92
[   25774ms] [LOG] 📊 Status: 0 @ http://localhost:5173/src/App.jsx:93
[   25781ms] [LOG] 📦 Ticket: 0x9f1ac54BEF0DD2f6f3462EA0fa94fC62300d3a8e @ http://localhost:5173/src/App.jsx:90
[   25781ms] [LOG] 👷 Worker: 0x70997970C51812dc3A010C7d01b50e0d17dc79C8 @ http://localhost:5173/src/App.jsx:91
[   25781ms] [LOG] 💰 Amount: 0.5 @ http://localhost:5173/src/App.jsx:92
[   25781ms] [LOG] 📊 Status: 2 @ http://localhost:5173/src/App.jsx:93
[   42633ms] [LOG] Current address: 0xf39Fd6e51aad88F6F4ce6aB8827279cffFb92266 @ http://localhost:5173/src/components/TicketDetail.jsx:31
[   42633ms] [LOG] Company: 0xf39Fd6e51aad88F6F4ce6aB8827279cffFb92266 @ http://localhost:5173/src/components/TicketDetail.jsx:32
[   42634ms] [LOG] Current address: 0xf39Fd6e51aad88F6F4ce6aB8827279cffFb92266 @ http://localhost:5173/src/components/TicketDetail.jsx:31
[   42634ms] [LOG] Company: 0xf39Fd6e51aad88F6F4ce6aB8827279cffFb92266 @ http://localhost:5173/src/components/TicketDetail.jsx:32
[   42664ms] [LOG] 🔥 ticketAddresses: Proxy(_Result) @ http://localhost:5173/src/App.jsx:117
[   42679ms] [LOG] 📦 Ticket: 0xCafac3dD18aC6c6e92c921884f9E4176737C052c @ http://localhost:5173/src/App.jsx:90
[   42679ms] [LOG] 👷 Worker: 0x0000000000000000000000000000000000000000 @ http://localhost:5173/src/App.jsx:91
[   42679ms] [LOG] 💰 Amount: 1.0 @ http://localhost:5173/src/App.jsx:92
[   42679ms] [LOG] 📊 Status: 0 @ http://localhost:5173/src/App.jsx:93
[   42686ms] [LOG] 📦 Ticket: 0x9f1ac54BEF0DD2f6f3462EA0fa94fC62300d3a8e @ http://localhost:5173/src/App.jsx:90
[   42686ms] [LOG] 👷 Worker: 0x70997970C51812dc3A010C7d01b50e0d17dc79C8 @ http://localhost:5173/src/App.jsx:91
[   42686ms] [LOG] 💰 Amount: 0.5 @ http://localhost:5173/src/App.jsx:92
[   42686ms] [LOG] 📊 Status: 2 @ http://localhost:5173/src/App.jsx:93
[   65533ms] [LOG] 📦 Ticket: 0x9f1ac54BEF0DD2f6f3462EA0fa94fC62300d3a8e @ http://localhost:5173/src/App.jsx:90
[   65533ms] [LOG] 👷 Worker: 0x70997970C51812dc3A010C7d01b50e0d17dc79C8 @ http://localhost:5173/src/App.jsx:91
[   65533ms] [LOG] 💰 Amount: 0.0 @ http://localhost:5173/src/App.jsx:92
[   65533ms] [LOG] 📊 Status: 4 @ http://localhost:5173/src/App.jsx:93
[   65545ms] [LOG] 🔥 ticketAddresses: Proxy(_Result) @ http://localhost:5173/src/App.jsx:117
[   65551ms] [LOG] 🔥 ticketAddresses: Proxy(_Result) @ http://localhost:5173/src/App.jsx:117
[   65566ms] [LOG] 📦 Ticket: 0xCafac3dD18aC6c6e92c921884f9E4176737C052c @ http://localhost:5173/src/App.jsx:90
[   65566ms] [LOG] 👷 Worker: 0x0000000000000000000000000000000000000000 @ http://localhost:5173/src/App.jsx:91
[   65566ms] [LOG] 💰 Amount: 1.0 @ http://localhost:5173/src/App.jsx:92
[   65566ms] [LOG] 📊 Status: 0 @ http://localhost:5173/src/App.jsx:93
[   65570ms] [LOG] 📦 Ticket: 0x9f1ac54BEF0DD2f6f3462EA0fa94fC62300d3a8e @ http://localhost:5173/src/App.jsx:90
[   65570ms] [LOG] 👷 Worker: 0x70997970C51812dc3A010C7d01b50e0d17dc79C8 @ http://localhost:5173/src/App.jsx:91
[   65570ms] [LOG] 💰 Amount: 0.0 @ http://localhost:5173/src/App.jsx:92
[   65570ms] [LOG] 📊 Status: 4 @ http://localhost:5173/src/App.jsx:93
[   65592ms] [LOG] 📦 Ticket: 0xCafac3dD18aC6c6e92c921884f9E4176737C052c @ http://localhost:5173/src/App.jsx:90
[   65592ms] [LOG] 👷 Worker: 0x0000000000000000000000000000000000000000 @ http://localhost:5173/src/App.jsx:91
[   65592ms] [LOG] 💰 Amount: 1.0 @ http://localhost:5173/src/App.jsx:92
[   65592ms] [LOG] 📊 Status: 0 @ http://localhost:5173/src/App.jsx:93
[   65593ms] [LOG] 📦 Ticket: 0x9f1ac54BEF0DD2f6f3462EA0fa94fC62300d3a8e @ http://localhost:5173/src/App.jsx:90
[   65593ms] [LOG] 👷 Worker: 0x70997970C51812dc3A010C7d01b50e0d17dc79C8 @ http://localhost:5173/src/App.jsx:91
[   65593ms] [LOG] 💰 Amount: 0.0 @ http://localhost:5173/src/App.jsx:92
[   65593ms] [LOG] 📊 Status: 4 @ http://localhost:5173/src/App.jsx:93
[   65598ms] [LOG] 🔥 ticketAddresses: Proxy(_Result) @ http://localhost:5173/src/App.jsx:117
[   65613ms] [LOG] 📦 Ticket: 0xCafac3dD18aC6c6e92c921884f9E4176737C052c @ http://localhost:5173/src/App.jsx:90
[   65613ms] [LOG] 👷 Worker: 0x0000000000000000000000000000000000000000 @ http://localhost:5173/src/App.jsx:91
[   65613ms] [LOG] 💰 Amount: 1.0 @ http://localhost:5173/src/App.jsx:92
[   65613ms] [LOG] 📊 Status: 0 @ http://localhost:5173/src/App.jsx:93
[   65623ms] [LOG] 📦 Ticket: 0x9f1ac54BEF0DD2f6f3462EA0fa94fC62300d3a8e @ http://localhost:5173/src/App.jsx:90
[   65623ms] [LOG] 👷 Worker: 0x70997970C51812dc3A010C7d01b50e0d17dc79C8 @ http://localhost:5173/src/App.jsx:91
[   65623ms] [LOG] 💰 Amount: 0.0 @ http://localhost:5173/src/App.jsx:92
[   65623ms] [LOG] 📊 Status: 4 @ http://localhost:5173/src/App.jsx:93
[  381175ms] [LOG] [vite] server connection lost. Polling for restart... @ http://localhost:5173/@vite/client:864
[  703043ms] [INFO] %cDownload the React DevTools for a better development experience: https://react.dev/link/react-devtools font-weight:bold @ http://localhost:5173/node_modules/.vite/deps/react-dom_client.js?v=8f2f45eb:20102
[ 1822374ms] [LOG] [vite] server connection lost. Polling for restart... @ http://localhost:5173/@vite/client:864
