[      68ms] [INFO] %cDownload the React DevTools for a better development experience: https://react.dev/link/react-devtools font-weight:bold @ http://localhost:5173/node_modules/.vite/deps/react-dom_client.js?v=adde1ff5:20102
[   19535ms] [LOG] 🔥 ticketAddresses: Proxy(_Result) @ http://localhost:5173/src/App.jsx:117
[   19560ms] [LOG] 📦 Ticket: 0xCafac3dD18aC6c6e92c921884f9E4176737C052c @ http://localhost:5173/src/App.jsx:90
[   19560ms] [LOG] 👷 Worker: 0x0000000000000000000000000000000000000000 @ http://localhost:5173/src/App.jsx:91
[   19560ms] [LOG] 💰 Amount: 0.0 @ http://localhost:5173/src/App.jsx:92
[   19560ms] [LOG] 📊 Status: 6 @ http://localhost:5173/src/App.jsx:93
[   19570ms] [LOG] 📦 Ticket: 0x9f1ac54BEF0DD2f6f3462EA0fa94fC62300d3a8e @ http://localhost:5173/src/App.jsx:90
[   19570ms] [LOG] 👷 Worker: 0x70997970C51812dc3A010C7d01b50e0d17dc79C8 @ http://localhost:5173/src/App.jsx:91
[   19570ms] [LOG] 💰 Amount: 0.5 @ http://localhost:5173/src/App.jsx:92
[   19570ms] [LOG] 📊 Status: 2 @ http://localhost:5173/src/App.jsx:93
[   37494ms] [LOG] Current address: 0xf39Fd6e51aad88F6F4ce6aB8827279cffFb92266 @ http://localhost:5173/src/components/TicketDetail.jsx:31
[   37495ms] [LOG] Company: 0xf39Fd6e51aad88F6F4ce6aB8827279cffFb92266 @ http://localhost:5173/src/components/TicketDetail.jsx:32
[   37496ms] [LOG] Current address: 0xf39Fd6e51aad88F6F4ce6aB8827279cffFb92266 @ http://localhost:5173/src/components/TicketDetail.jsx:31
[   37496ms] [LOG] Company: 0xf39Fd6e51aad88F6F4ce6aB8827279cffFb92266 @ http://localhost:5173/src/components/TicketDetail.jsx:32
[   37528ms] [LOG] 🔥 ticketAddresses: Proxy(_Result) @ http://localhost:5173/src/App.jsx:117
[   37549ms] [LOG] 📦 Ticket: 0xCafac3dD18aC6c6e92c921884f9E4176737C052c @ http://localhost:5173/src/App.jsx:90
[   37550ms] [LOG] 👷 Worker: 0x0000000000000000000000000000000000000000 @ http://localhost:5173/src/App.jsx:91
[   37550ms] [LOG] 💰 Amount: 0.0 @ http://localhost:5173/src/App.jsx:92
[   37550ms] [LOG] 📊 Status: 6 @ http://localhost:5173/src/App.jsx:93
[   37559ms] [LOG] 📦 Ticket: 0x9f1ac54BEF0DD2f6f3462EA0fa94fC62300d3a8e @ http://localhost:5173/src/App.jsx:90
[   37560ms] [LOG] 👷 Worker: 0x70997970C51812dc3A010C7d01b50e0d17dc79C8 @ http://localhost:5173/src/App.jsx:91
[   37560ms] [LOG] 💰 Amount: 0.5 @ http://localhost:5173/src/App.jsx:92
[   37560ms] [LOG] 📊 Status: 2 @ http://localhost:5173/src/App.jsx:93
[   37560ms] [ERROR] loadTickets failed: TypeError: Do not know how to serialize a BigInt
    at JSON.stringify (<anonymous>)
    at http://localhost:5173/src/App.jsx:127:35 @ http://localhost:5173/src/App.jsx:131
[   65031ms] [LOG] 📦 Ticket: 0x9f1ac54BEF0DD2f6f3462EA0fa94fC62300d3a8e @ http://localhost:5173/src/App.jsx:90
[   65031ms] [LOG] 👷 Worker: 0x70997970C51812dc3A010C7d01b50e0d17dc79C8 @ http://localhost:5173/src/App.jsx:91
[   65031ms] [LOG] 💰 Amount: 0.0 @ http://localhost:5173/src/App.jsx:92
[   65031ms] [LOG] 📊 Status: 4 @ http://localhost:5173/src/App.jsx:93
[   65046ms] [LOG] 🔥 ticketAddresses: Proxy(_Result) @ http://localhost:5173/src/App.jsx:117
[   65059ms] [LOG] 🔥 ticketAddresses: Proxy(_Result) @ http://localhost:5173/src/App.jsx:117
[   65076ms] [LOG] 📦 Ticket: 0xCafac3dD18aC6c6e92c921884f9E4176737C052c @ http://localhost:5173/src/App.jsx:90
[   65076ms] [LOG] 👷 Worker: 0x0000000000000000000000000000000000000000 @ http://localhost:5173/src/App.jsx:91
[   65076ms] [LOG] 💰 Amount: 0.0 @ http://localhost:5173/src/App.jsx:92
[   65076ms] [LOG] 📊 Status: 6 @ http://localhost:5173/src/App.jsx:93
[   65083ms] [LOG] 📦 Ticket: 0x9f1ac54BEF0DD2f6f3462EA0fa94fC62300d3a8e @ http://localhost:5173/src/App.jsx:90
[   65083ms] [LOG] 👷 Worker: 0x70997970C51812dc3A010C7d01b50e0d17dc79C8 @ http://localhost:5173/src/App.jsx:91
[   65083ms] [LOG] 💰 Amount: 0.0 @ http://localhost:5173/src/App.jsx:92
[   65083ms] [LOG] 📊 Status: 4 @ http://localhost:5173/src/App.jsx:93
[   65083ms] [ERROR] loadTickets failed: TypeError: Do not know how to serialize a BigInt
    at JSON.stringify (<anonymous>)
    at http://localhost:5173/src/App.jsx:127:35
    at async http://localhost:5173/src/App.jsx:173:7
    at async handle (http://localhost:5173/src/components/TicketDetail.jsx:68:7) @ http://localhost:5173/src/App.jsx:131
[   65106ms] [LOG] 📦 Ticket: 0xCafac3dD18aC6c6e92c921884f9E4176737C052c @ http://localhost:5173/src/App.jsx:90
[   65107ms] [LOG] 👷 Worker: 0x0000000000000000000000000000000000000000 @ http://localhost:5173/src/App.jsx:91
[   65107ms] [LOG] 💰 Amount: 0.0 @ http://localhost:5173/src/App.jsx:92
[   65107ms] [LOG] 📊 Status: 6 @ http://localhost:5173/src/App.jsx:93
[   65111ms] [LOG] 📦 Ticket: 0x9f1ac54BEF0DD2f6f3462EA0fa94fC62300d3a8e @ http://localhost:5173/src/App.jsx:90
[   65111ms] [LOG] 👷 Worker: 0x70997970C51812dc3A010C7d01b50e0d17dc79C8 @ http://localhost:5173/src/App.jsx:91
[   65111ms] [LOG] 💰 Amount: 0.0 @ http://localhost:5173/src/App.jsx:92
[   65111ms] [LOG] 📊 Status: 4 @ http://localhost:5173/src/App.jsx:93
[   65111ms] [ERROR] loadTickets failed: TypeError: Do not know how to serialize a BigInt
    at JSON.stringify (<anonymous>)
    at http://localhost:5173/src/App.jsx:127:35 @ http://localhost:5173/src/App.jsx:131
[  210181ms] [LOG] 🔥 ticketAddresses: Proxy(_Result) @ http://localhost:5173/src/App.jsx?t=1781059779596:117
[  210206ms] [LOG] 📦 Ticket: 0xCafac3dD18aC6c6e92c921884f9E4176737C052c @ http://localhost:5173/src/App.jsx?t=1781059779596:90
[  210206ms] [LOG] 👷 Worker: 0x0000000000000000000000000000000000000000 @ http://localhost:5173/src/App.jsx?t=1781059779596:91
[  210207ms] [LOG] 💰 Amount: 0.0 @ http://localhost:5173/src/App.jsx?t=1781059779596:92
[  210207ms] [LOG] 📊 Status: 6 @ http://localhost:5173/src/App.jsx?t=1781059779596:93
[  210218ms] [LOG] 📦 Ticket: 0x9f1ac54BEF0DD2f6f3462EA0fa94fC62300d3a8e @ http://localhost:5173/src/App.jsx?t=1781059779596:90
[  210218ms] [LOG] 👷 Worker: 0x70997970C51812dc3A010C7d01b50e0d17dc79C8 @ http://localhost:5173/src/App.jsx?t=1781059779596:91
[  210218ms] [LOG] 💰 Amount: 0.0 @ http://localhost:5173/src/App.jsx?t=1781059779596:92
[  210218ms] [LOG] 📊 Status: 4 @ http://localhost:5173/src/App.jsx?t=1781059779596:93
[  210218ms] [ERROR] loadTickets failed: TypeError: Do not know how to serialize a BigInt
    at JSON.stringify (<anonymous>)
    at http://localhost:5173/src/App.jsx?t=1781059779596:127:69 @ http://localhost:5173/src/App.jsx?t=1781059779596:131
[  217872ms] [LOG] 🔥 ticketAddresses: Proxy(_Result) @ http://localhost:5173/src/App.jsx?t=1781059787432:117
[  217894ms] [LOG] 📦 Ticket: 0xCafac3dD18aC6c6e92c921884f9E4176737C052c @ http://localhost:5173/src/App.jsx?t=1781059787432:90
[  217895ms] [LOG] 👷 Worker: 0x0000000000000000000000000000000000000000 @ http://localhost:5173/src/App.jsx?t=1781059787432:91
[  217895ms] [LOG] 💰 Amount: 0.0 @ http://localhost:5173/src/App.jsx?t=1781059787432:92
[  217895ms] [LOG] 📊 Status: 6 @ http://localhost:5173/src/App.jsx?t=1781059787432:93
[  217907ms] [LOG] 📦 Ticket: 0x9f1ac54BEF0DD2f6f3462EA0fa94fC62300d3a8e @ http://localhost:5173/src/App.jsx?t=1781059787432:90
[  217907ms] [LOG] 👷 Worker: 0x70997970C51812dc3A010C7d01b50e0d17dc79C8 @ http://localhost:5173/src/App.jsx?t=1781059787432:91
[  217907ms] [LOG] 💰 Amount: 0.0 @ http://localhost:5173/src/App.jsx?t=1781059787432:92
[  217907ms] [LOG] 📊 Status: 4 @ http://localhost:5173/src/App.jsx?t=1781059787432:93
