[      42ms] [INFO] %cDownload the React DevTools for a better development experience: https://react.dev/link/react-devtools font-weight:bold @ http://localhost:5173/node_modules/.vite/deps/react-dom_client.js?v=8f2f45eb:20102
[   15055ms] [LOG] 🔥 ticketAddresses: Proxy(_Result) @ http://localhost:5173/src/App.jsx:117
[   15077ms] [LOG] 📦 Ticket: 0xCafac3dD18aC6c6e92c921884f9E4176737C052c @ http://localhost:5173/src/App.jsx:90
[   15077ms] [LOG] 👷 Worker: 0x9965507D1a55bcC2695C58ba16FB37d819B0A4dc @ http://localhost:5173/src/App.jsx:91
[   15077ms] [LOG] 💰 Amount: 1.0 @ http://localhost:5173/src/App.jsx:92
[   15077ms] [LOG] 📊 Status: 2 @ http://localhost:5173/src/App.jsx:93
[   15084ms] [LOG] 📦 Ticket: 0x9f1ac54BEF0DD2f6f3462EA0fa94fC62300d3a8e @ http://localhost:5173/src/App.jsx:90
[   15084ms] [LOG] 👷 Worker: 0x0000000000000000000000000000000000000000 @ http://localhost:5173/src/App.jsx:91
[   15085ms] [LOG] 💰 Amount: 0.0 @ http://localhost:5173/src/App.jsx:92
[   15085ms] [LOG] 📊 Status: 6 @ http://localhost:5173/src/App.jsx:93
[   29669ms] [LOG] Current address: 0xf39Fd6e51aad88F6F4ce6aB8827279cffFb92266 @ http://localhost:5173/src/components/TicketDetail.jsx:31
[   29669ms] [LOG] Company: 0xf39Fd6e51aad88F6F4ce6aB8827279cffFb92266 @ http://localhost:5173/src/components/TicketDetail.jsx:32
[   29671ms] [LOG] Current address: 0xf39Fd6e51aad88F6F4ce6aB8827279cffFb92266 @ http://localhost:5173/src/components/TicketDetail.jsx:31
[   29671ms] [LOG] Company: 0xf39Fd6e51aad88F6F4ce6aB8827279cffFb92266 @ http://localhost:5173/src/components/TicketDetail.jsx:32
[   29754ms] [LOG] 🔥 ticketAddresses: Proxy(_Result) @ http://localhost:5173/src/App.jsx:117
[   29770ms] [LOG] 📦 Ticket: 0xCafac3dD18aC6c6e92c921884f9E4176737C052c @ http://localhost:5173/src/App.jsx:90
[   29770ms] [LOG] 👷 Worker: 0x9965507D1a55bcC2695C58ba16FB37d819B0A4dc @ http://localhost:5173/src/App.jsx:91
[   29770ms] [LOG] 💰 Amount: 1.0 @ http://localhost:5173/src/App.jsx:92
[   29770ms] [LOG] 📊 Status: 2 @ http://localhost:5173/src/App.jsx:93
[   29777ms] [LOG] 📦 Ticket: 0x9f1ac54BEF0DD2f6f3462EA0fa94fC62300d3a8e @ http://localhost:5173/src/App.jsx:90
[   29778ms] [LOG] 👷 Worker: 0x0000000000000000000000000000000000000000 @ http://localhost:5173/src/App.jsx:91
[   29778ms] [LOG] 💰 Amount: 0.0 @ http://localhost:5173/src/App.jsx:92
[   29778ms] [LOG] 📊 Status: 6 @ http://localhost:5173/src/App.jsx:93
[   37912ms] [LOG] 📦 Ticket: 0xCafac3dD18aC6c6e92c921884f9E4176737C052c @ http://localhost:5173/src/App.jsx:90
[   37912ms] [LOG] 👷 Worker: 0x9965507D1a55bcC2695C58ba16FB37d819B0A4dc @ http://localhost:5173/src/App.jsx:91
[   37912ms] [LOG] 💰 Amount: 0.0 @ http://localhost:5173/src/App.jsx:92
[   37912ms] [LOG] 📊 Status: 4 @ http://localhost:5173/src/App.jsx:93
[   37926ms] [LOG] 🔥 ticketAddresses: Proxy(_Result) @ http://localhost:5173/src/App.jsx:117
[   37937ms] [LOG] 🔥 ticketAddresses: Proxy(_Result) @ http://localhost:5173/src/App.jsx:117
[   37953ms] [LOG] 📦 Ticket: 0xCafac3dD18aC6c6e92c921884f9E4176737C052c @ http://localhost:5173/src/App.jsx:90
[   37953ms] [LOG] 👷 Worker: 0x9965507D1a55bcC2695C58ba16FB37d819B0A4dc @ http://localhost:5173/src/App.jsx:91
[   37953ms] [LOG] 💰 Amount: 0.0 @ http://localhost:5173/src/App.jsx:92
[   37953ms] [LOG] 📊 Status: 4 @ http://localhost:5173/src/App.jsx:93
[   37957ms] [LOG] 📦 Ticket: 0x9f1ac54BEF0DD2f6f3462EA0fa94fC62300d3a8e @ http://localhost:5173/src/App.jsx:90
[   37957ms] [LOG] 👷 Worker: 0x0000000000000000000000000000000000000000 @ http://localhost:5173/src/App.jsx:91
[   37957ms] [LOG] 💰 Amount: 0.0 @ http://localhost:5173/src/App.jsx:92
[   37957ms] [LOG] 📊 Status: 6 @ http://localhost:5173/src/App.jsx:93
[   37979ms] [LOG] 📦 Ticket: 0xCafac3dD18aC6c6e92c921884f9E4176737C052c @ http://localhost:5173/src/App.jsx:90
[   37979ms] [LOG] 👷 Worker: 0x9965507D1a55bcC2695C58ba16FB37d819B0A4dc @ http://localhost:5173/src/App.jsx:91
[   37979ms] [LOG] 💰 Amount: 0.0 @ http://localhost:5173/src/App.jsx:92
[   37979ms] [LOG] 📊 Status: 4 @ http://localhost:5173/src/App.jsx:93
[   37983ms] [LOG] 📦 Ticket: 0x9f1ac54BEF0DD2f6f3462EA0fa94fC62300d3a8e @ http://localhost:5173/src/App.jsx:90
[   37983ms] [LOG] 👷 Worker: 0x0000000000000000000000000000000000000000 @ http://localhost:5173/src/App.jsx:91
[   37983ms] [LOG] 💰 Amount: 0.0 @ http://localhost:5173/src/App.jsx:92
[   37983ms] [LOG] 📊 Status: 6 @ http://localhost:5173/src/App.jsx:93
[   37984ms] [LOG] 🔥 ticketAddresses: Proxy(_Result) @ http://localhost:5173/src/App.jsx:117
[   38007ms] [LOG] 📦 Ticket: 0xCafac3dD18aC6c6e92c921884f9E4176737C052c @ http://localhost:5173/src/App.jsx:90
[   38007ms] [LOG] 👷 Worker: 0x9965507D1a55bcC2695C58ba16FB37d819B0A4dc @ http://localhost:5173/src/App.jsx:91
[   38007ms] [LOG] 💰 Amount: 0.0 @ http://localhost:5173/src/App.jsx:92
[   38007ms] [LOG] 📊 Status: 4 @ http://localhost:5173/src/App.jsx:93
[   38016ms] [LOG] 📦 Ticket: 0x9f1ac54BEF0DD2f6f3462EA0fa94fC62300d3a8e @ http://localhost:5173/src/App.jsx:90
[   38016ms] [LOG] 👷 Worker: 0x0000000000000000000000000000000000000000 @ http://localhost:5173/src/App.jsx:91
[   38016ms] [LOG] 💰 Amount: 0.0 @ http://localhost:5173/src/App.jsx:92
[   38016ms] [LOG] 📊 Status: 6 @ http://localhost:5173/src/App.jsx:93
[   77451ms] [LOG] 🔥 ticketAddresses: Proxy(_Result) @ http://localhost:5173/src/App.jsx:117
[   77475ms] [LOG] 📦 Ticket: 0xCafac3dD18aC6c6e92c921884f9E4176737C052c @ http://localhost:5173/src/App.jsx:90
[   77475ms] [LOG] 👷 Worker: 0x9965507D1a55bcC2695C58ba16FB37d819B0A4dc @ http://localhost:5173/src/App.jsx:91
[   77475ms] [LOG] 💰 Amount: 0.0 @ http://localhost:5173/src/App.jsx:92
[   77475ms] [LOG] 📊 Status: 4 @ http://localhost:5173/src/App.jsx:93
[   77484ms] [LOG] 📦 Ticket: 0x9f1ac54BEF0DD2f6f3462EA0fa94fC62300d3a8e @ http://localhost:5173/src/App.jsx:90
[   77484ms] [LOG] 👷 Worker: 0x0000000000000000000000000000000000000000 @ http://localhost:5173/src/App.jsx:91
[   77484ms] [LOG] 💰 Amount: 0.0 @ http://localhost:5173/src/App.jsx:92
[   77484ms] [LOG] 📊 Status: 6 @ http://localhost:5173/src/App.jsx:93
[   77493ms] [LOG] 📦 Ticket: 0xbf9fBFf01664500A33080Da5d437028b07DFcC55 @ http://localhost:5173/src/App.jsx:90
[   77493ms] [LOG] 👷 Worker: 0x0000000000000000000000000000000000000000 @ http://localhost:5173/src/App.jsx:91
[   77493ms] [LOG] 💰 Amount: 0.3 @ http://localhost:5173/src/App.jsx:92
[   77494ms] [LOG] 📊 Status: 0 @ http://localhost:5173/src/App.jsx:93
