[      44ms] [INFO] %cDownload the React DevTools for a better development experience: https://react.dev/link/react-devtools font-weight:bold @ http://localhost:5173/node_modules/.vite/deps/react-dom_client.js?v=8f2f45eb:20102
[   14196ms] [LOG] 🔥 ticketAddresses: Proxy(_Result) @ http://localhost:5173/src/App.jsx:117
[   14218ms] [LOG] 📦 Ticket: 0xCafac3dD18aC6c6e92c921884f9E4176737C052c @ http://localhost:5173/src/App.jsx:90
[   14218ms] [LOG] 👷 Worker: 0x9965507D1a55bcC2695C58ba16FB37d819B0A4dc @ http://localhost:5173/src/App.jsx:91
[   14219ms] [LOG] 💰 Amount: 1.0 @ http://localhost:5173/src/App.jsx:92
[   14219ms] [LOG] 📊 Status: 1 @ http://localhost:5173/src/App.jsx:93
[   14224ms] [LOG] 📦 Ticket: 0x9f1ac54BEF0DD2f6f3462EA0fa94fC62300d3a8e @ http://localhost:5173/src/App.jsx:90
[   14224ms] [LOG] 👷 Worker: 0x0000000000000000000000000000000000000000 @ http://localhost:5173/src/App.jsx:91
[   14224ms] [LOG] 💰 Amount: 0.0 @ http://localhost:5173/src/App.jsx:92
[   14224ms] [LOG] 📊 Status: 6 @ http://localhost:5173/src/App.jsx:93
[   28312ms] [LOG] Current address: 0x9965507D1a55bcC2695C58ba16FB37d819B0A4dc @ http://localhost:5173/src/components/TicketDetail.jsx:31
[   28312ms] [LOG] Company: 0xf39Fd6e51aad88F6F4ce6aB8827279cffFb92266 @ http://localhost:5173/src/components/TicketDetail.jsx:32
[   28313ms] [LOG] Current address: 0x9965507D1a55bcC2695C58ba16FB37d819B0A4dc @ http://localhost:5173/src/components/TicketDetail.jsx:31
[   28313ms] [LOG] Company: 0xf39Fd6e51aad88F6F4ce6aB8827279cffFb92266 @ http://localhost:5173/src/components/TicketDetail.jsx:32
[   28391ms] [LOG] 🔥 ticketAddresses: Proxy(_Result) @ http://localhost:5173/src/App.jsx:117
[   28407ms] [LOG] 📦 Ticket: 0xCafac3dD18aC6c6e92c921884f9E4176737C052c @ http://localhost:5173/src/App.jsx:90
[   28407ms] [LOG] 👷 Worker: 0x9965507D1a55bcC2695C58ba16FB37d819B0A4dc @ http://localhost:5173/src/App.jsx:91
[   28407ms] [LOG] 💰 Amount: 1.0 @ http://localhost:5173/src/App.jsx:92
[   28407ms] [LOG] 📊 Status: 1 @ http://localhost:5173/src/App.jsx:93
[   28417ms] [LOG] 📦 Ticket: 0x9f1ac54BEF0DD2f6f3462EA0fa94fC62300d3a8e @ http://localhost:5173/src/App.jsx:90
[   28417ms] [LOG] 👷 Worker: 0x0000000000000000000000000000000000000000 @ http://localhost:5173/src/App.jsx:91
[   28417ms] [LOG] 💰 Amount: 0.0 @ http://localhost:5173/src/App.jsx:92
[   28417ms] [LOG] 📊 Status: 6 @ http://localhost:5173/src/App.jsx:93
[   55209ms] [LOG] 📦 Ticket: 0xCafac3dD18aC6c6e92c921884f9E4176737C052c @ http://localhost:5173/src/App.jsx:90
[   55209ms] [LOG] 👷 Worker: 0x9965507D1a55bcC2695C58ba16FB37d819B0A4dc @ http://localhost:5173/src/App.jsx:91
[   55210ms] [LOG] 💰 Amount: 1.0 @ http://localhost:5173/src/App.jsx:92
[   55210ms] [LOG] 📊 Status: 2 @ http://localhost:5173/src/App.jsx:93
[   55224ms] [LOG] 🔥 ticketAddresses: Proxy(_Result) @ http://localhost:5173/src/App.jsx:117
[   55234ms] [LOG] 🔥 ticketAddresses: Proxy(_Result) @ http://localhost:5173/src/App.jsx:117
[   55249ms] [LOG] 📦 Ticket: 0xCafac3dD18aC6c6e92c921884f9E4176737C052c @ http://localhost:5173/src/App.jsx:90
[   55249ms] [LOG] 👷 Worker: 0x9965507D1a55bcC2695C58ba16FB37d819B0A4dc @ http://localhost:5173/src/App.jsx:91
[   55249ms] [LOG] 💰 Amount: 1.0 @ http://localhost:5173/src/App.jsx:92
[   55249ms] [LOG] 📊 Status: 2 @ http://localhost:5173/src/App.jsx:93
[   55253ms] [LOG] 📦 Ticket: 0x9f1ac54BEF0DD2f6f3462EA0fa94fC62300d3a8e @ http://localhost:5173/src/App.jsx:90
[   55253ms] [LOG] 👷 Worker: 0x0000000000000000000000000000000000000000 @ http://localhost:5173/src/App.jsx:91
[   55253ms] [LOG] 💰 Amount: 0.0 @ http://localhost:5173/src/App.jsx:92
[   55253ms] [LOG] 📊 Status: 6 @ http://localhost:5173/src/App.jsx:93
[   55275ms] [LOG] 📦 Ticket: 0xCafac3dD18aC6c6e92c921884f9E4176737C052c @ http://localhost:5173/src/App.jsx:90
[   55275ms] [LOG] 👷 Worker: 0x9965507D1a55bcC2695C58ba16FB37d819B0A4dc @ http://localhost:5173/src/App.jsx:91
[   55276ms] [LOG] 💰 Amount: 1.0 @ http://localhost:5173/src/App.jsx:92
[   55276ms] [LOG] 📊 Status: 2 @ http://localhost:5173/src/App.jsx:93
[   55279ms] [LOG] 📦 Ticket: 0x9f1ac54BEF0DD2f6f3462EA0fa94fC62300d3a8e @ http://localhost:5173/src/App.jsx:90
[   55279ms] [LOG] 👷 Worker: 0x0000000000000000000000000000000000000000 @ http://localhost:5173/src/App.jsx:91
[   55279ms] [LOG] 💰 Amount: 0.0 @ http://localhost:5173/src/App.jsx:92
[   55279ms] [LOG] 📊 Status: 6 @ http://localhost:5173/src/App.jsx:93
[   55280ms] [LOG] 🔥 ticketAddresses: Proxy(_Result) @ http://localhost:5173/src/App.jsx:117
[   55305ms] [LOG] 📦 Ticket: 0xCafac3dD18aC6c6e92c921884f9E4176737C052c @ http://localhost:5173/src/App.jsx:90
[   55305ms] [LOG] 👷 Worker: 0x9965507D1a55bcC2695C58ba16FB37d819B0A4dc @ http://localhost:5173/src/App.jsx:91
[   55305ms] [LOG] 💰 Amount: 1.0 @ http://localhost:5173/src/App.jsx:92
[   55305ms] [LOG] 📊 Status: 2 @ http://localhost:5173/src/App.jsx:93
[   55314ms] [LOG] 📦 Ticket: 0x9f1ac54BEF0DD2f6f3462EA0fa94fC62300d3a8e @ http://localhost:5173/src/App.jsx:90
[   55314ms] [LOG] 👷 Worker: 0x0000000000000000000000000000000000000000 @ http://localhost:5173/src/App.jsx:91
[   55314ms] [LOG] 💰 Amount: 0.0 @ http://localhost:5173/src/App.jsx:92
[   55314ms] [LOG] 📊 Status: 6 @ http://localhost:5173/src/App.jsx:93
