[    1273ms] [INFO] %cDownload the React DevTools for a better development experience: https://react.dev/link/react-devtools font-weight:bold @ http://localhost:5173/node_modules/.vite/deps/react-dom_client.js?v=8f2f45eb:20102
[   35382ms] [LOG] 🔥 ticketAddresses: Proxy(_Result) @ http://localhost:5173/src/App.jsx:117
[   35404ms] [LOG] 📦 Ticket: 0xCafac3dD18aC6c6e92c921884f9E4176737C052c @ http://localhost:5173/src/App.jsx:90
[   35404ms] [LOG] 👷 Worker: 0x0000000000000000000000000000000000000000 @ http://localhost:5173/src/App.jsx:91
[   35405ms] [LOG] 💰 Amount: 1.0 @ http://localhost:5173/src/App.jsx:92
[   35405ms] [LOG] 📊 Status: 0 @ http://localhost:5173/src/App.jsx:93
[  119689ms] [LOG] 🔥 ticketAddresses: Proxy(_Result) @ http://localhost:5173/src/App.jsx:117
[  119714ms] [LOG] 📦 Ticket: 0xCafac3dD18aC6c6e92c921884f9E4176737C052c @ http://localhost:5173/src/App.jsx:90
[  119714ms] [LOG] 👷 Worker: 0x0000000000000000000000000000000000000000 @ http://localhost:5173/src/App.jsx:91
[  119714ms] [LOG] 💰 Amount: 1.0 @ http://localhost:5173/src/App.jsx:92
[  119714ms] [LOG] 📊 Status: 0 @ http://localhost:5173/src/App.jsx:93
[  119726ms] [LOG] 📦 Ticket: 0x9f1ac54BEF0DD2f6f3462EA0fa94fC62300d3a8e @ http://localhost:5173/src/App.jsx:90
[  119726ms] [LOG] 👷 Worker: 0x0000000000000000000000000000000000000000 @ http://localhost:5173/src/App.jsx:91
[  119727ms] [LOG] 💰 Amount: 0.5 @ http://localhost:5173/src/App.jsx:92
[  119727ms] [LOG] 📊 Status: 0 @ http://localhost:5173/src/App.jsx:93
[  266431ms] [LOG] Current address: 0xf39Fd6e51aad88F6F4ce6aB8827279cffFb92266 @ http://localhost:5173/src/components/TicketDetail.jsx:31
[  266431ms] [LOG] Company: 0xf39Fd6e51aad88F6F4ce6aB8827279cffFb92266 @ http://localhost:5173/src/components/TicketDetail.jsx:32
[  266432ms] [LOG] Current address: 0xf39Fd6e51aad88F6F4ce6aB8827279cffFb92266 @ http://localhost:5173/src/components/TicketDetail.jsx:31
[  266433ms] [LOG] Company: 0xf39Fd6e51aad88F6F4ce6aB8827279cffFb92266 @ http://localhost:5173/src/components/TicketDetail.jsx:32
[  266517ms] [LOG] 🔥 ticketAddresses: Proxy(_Result) @ http://localhost:5173/src/App.jsx:117
[  266537ms] [LOG] 📦 Ticket: 0xCafac3dD18aC6c6e92c921884f9E4176737C052c @ http://localhost:5173/src/App.jsx:90
[  266537ms] [LOG] 👷 Worker: 0x0000000000000000000000000000000000000000 @ http://localhost:5173/src/App.jsx:91
[  266537ms] [LOG] 💰 Amount: 1.0 @ http://localhost:5173/src/App.jsx:92
[  266537ms] [LOG] 📊 Status: 0 @ http://localhost:5173/src/App.jsx:93
[  266548ms] [LOG] 📦 Ticket: 0x9f1ac54BEF0DD2f6f3462EA0fa94fC62300d3a8e @ http://localhost:5173/src/App.jsx:90
[  266548ms] [LOG] 👷 Worker: 0x0000000000000000000000000000000000000000 @ http://localhost:5173/src/App.jsx:91
[  266548ms] [LOG] 💰 Amount: 0.5 @ http://localhost:5173/src/App.jsx:92
[  266548ms] [LOG] 📊 Status: 0 @ http://localhost:5173/src/App.jsx:93
[  285242ms] [LOG] 📦 Ticket: 0x9f1ac54BEF0DD2f6f3462EA0fa94fC62300d3a8e @ http://localhost:5173/src/App.jsx:90
[  285242ms] [LOG] 👷 Worker: 0x0000000000000000000000000000000000000000 @ http://localhost:5173/src/App.jsx:91
[  285242ms] [LOG] 💰 Amount: 0.0 @ http://localhost:5173/src/App.jsx:92
[  285242ms] [LOG] 📊 Status: 6 @ http://localhost:5173/src/App.jsx:93
[  285261ms] [LOG] 🔥 ticketAddresses: Proxy(_Result) @ http://localhost:5173/src/App.jsx:117
[  285275ms] [LOG] 🔥 ticketAddresses: Proxy(_Result) @ http://localhost:5173/src/App.jsx:117
[  285296ms] [LOG] 📦 Ticket: 0xCafac3dD18aC6c6e92c921884f9E4176737C052c @ http://localhost:5173/src/App.jsx:90
[  285296ms] [LOG] 👷 Worker: 0x0000000000000000000000000000000000000000 @ http://localhost:5173/src/App.jsx:91
[  285296ms] [LOG] 💰 Amount: 1.0 @ http://localhost:5173/src/App.jsx:92
[  285296ms] [LOG] 📊 Status: 0 @ http://localhost:5173/src/App.jsx:93
[  285301ms] [LOG] 📦 Ticket: 0x9f1ac54BEF0DD2f6f3462EA0fa94fC62300d3a8e @ http://localhost:5173/src/App.jsx:90
[  285301ms] [LOG] 👷 Worker: 0x0000000000000000000000000000000000000000 @ http://localhost:5173/src/App.jsx:91
[  285301ms] [LOG] 💰 Amount: 0.0 @ http://localhost:5173/src/App.jsx:92
[  285302ms] [LOG] 📊 Status: 6 @ http://localhost:5173/src/App.jsx:93
[  285326ms] [LOG] 📦 Ticket: 0xCafac3dD18aC6c6e92c921884f9E4176737C052c @ http://localhost:5173/src/App.jsx:90
[  285326ms] [LOG] 👷 Worker: 0x0000000000000000000000000000000000000000 @ http://localhost:5173/src/App.jsx:91
[  285326ms] [LOG] 💰 Amount: 1.0 @ http://localhost:5173/src/App.jsx:92
[  285326ms] [LOG] 📊 Status: 0 @ http://localhost:5173/src/App.jsx:93
[  285329ms] [LOG] 📦 Ticket: 0x9f1ac54BEF0DD2f6f3462EA0fa94fC62300d3a8e @ http://localhost:5173/src/App.jsx:90
[  285329ms] [LOG] 👷 Worker: 0x0000000000000000000000000000000000000000 @ http://localhost:5173/src/App.jsx:91
[  285329ms] [LOG] 💰 Amount: 0.0 @ http://localhost:5173/src/App.jsx:92
[  285329ms] [LOG] 📊 Status: 6 @ http://localhost:5173/src/App.jsx:93
[  285330ms] [LOG] 🔥 ticketAddresses: Proxy(_Result) @ http://localhost:5173/src/App.jsx:117
[  285356ms] [LOG] 📦 Ticket: 0xCafac3dD18aC6c6e92c921884f9E4176737C052c @ http://localhost:5173/src/App.jsx:90
[  285356ms] [LOG] 👷 Worker: 0x0000000000000000000000000000000000000000 @ http://localhost:5173/src/App.jsx:91
[  285356ms] [LOG] 💰 Amount: 1.0 @ http://localhost:5173/src/App.jsx:92
[  285357ms] [LOG] 📊 Status: 0 @ http://localhost:5173/src/App.jsx:93
[  285367ms] [LOG] 📦 Ticket: 0x9f1ac54BEF0DD2f6f3462EA0fa94fC62300d3a8e @ http://localhost:5173/src/App.jsx:90
[  285367ms] [LOG] 👷 Worker: 0x0000000000000000000000000000000000000000 @ http://localhost:5173/src/App.jsx:91
[  285367ms] [LOG] 💰 Amount: 0.0 @ http://localhost:5173/src/App.jsx:92
[  285367ms] [LOG] 📊 Status: 6 @ http://localhost:5173/src/App.jsx:93
